Archive member included to satisfy reference by file (symbol)

c:/yastudio/arm-none-eabi-gcc/bin/../lib/gcc/arm-none-eabi/11.3.1/../../../../arm-none-eabi/lib/thumb/v7e-m+fp/hard\libstdc++_nano.a(del_ops.o)
                              Release/App.o (operator delete(void*, unsigned int))
c:/yastudio/arm-none-eabi-gcc/bin/../lib/gcc/arm-none-eabi/11.3.1/../../../../arm-none-eabi/lib/thumb/v7e-m+fp/hard\libstdc++_nano.a(del_op.o)
                              c:/yastudio/arm-none-eabi-gcc/bin/../lib/gcc/arm-none-eabi/11.3.1/../../../../arm-none-eabi/lib/thumb/v7e-m+fp/hard\libstdc++_nano.a(del_ops.o) (operator delete(void*))
c:/yastudio/arm-none-eabi-gcc/bin/../lib/gcc/arm-none-eabi/11.3.1/thumb/v7e-m+fp/hard\libgcc.a(_aeabi_ldivmod.o)
                              Release/main.o (__aeabi_ldivmod)
c:/yastudio/arm-none-eabi-gcc/bin/../lib/gcc/arm-none-eabi/11.3.1/thumb/v7e-m+fp/hard\libgcc.a(_aeabi_uldivmod.o)
                              Release/main.o (__aeabi_uldivmod)
c:/yastudio/arm-none-eabi-gcc/bin/../lib/gcc/arm-none-eabi/11.3.1/thumb/v7e-m+fp/hard\libgcc.a(_udivmoddi4.o)
                              c:/yastudio/arm-none-eabi-gcc/bin/../lib/gcc/arm-none-eabi/11.3.1/thumb/v7e-m+fp/hard\libgcc.a(_aeabi_ldivmod.o) (__udivmoddi4)
c:/yastudio/arm-none-eabi-gcc/bin/../lib/gcc/arm-none-eabi/11.3.1/thumb/v7e-m+fp/hard\libgcc.a(_dvmd_tls.o)
                              c:/yastudio/arm-none-eabi-gcc/bin/../lib/gcc/arm-none-eabi/11.3.1/thumb/v7e-m+fp/hard\libgcc.a(_aeabi_ldivmod.o) (__aeabi_ldiv0)
c:/yastudio/arm-none-eabi-gcc/bin/../lib/gcc/arm-none-eabi/11.3.1/../../../../arm-none-eabi/lib/thumb/v7e-m+fp/hard\libc_nano.a(libc_a-malloc.o)
                              Release/sd/fatfs_syscall.o (malloc)
c:/yastudio/arm-none-eabi-gcc/bin/../lib/gcc/arm-none-eabi/11.3.1/../../../../arm-none-eabi/lib/thumb/v7e-m+fp/hard\libc_nano.a(libc_a-mallocr.o)
                              c:/yastudio/arm-none-eabi-gcc/bin/../lib/gcc/arm-none-eabi/11.3.1/../../../../arm-none-eabi/lib/thumb/v7e-m+fp/hard\libc_nano.a(libc_a-malloc.o) (_malloc_r)
c:/yastudio/arm-none-eabi-gcc/bin/../lib/gcc/arm-none-eabi/11.3.1/../../../../arm-none-eabi/lib/thumb/v7e-m+fp/hard\libc_nano.a(libc_a-mlock.o)
                              c:/yastudio/arm-none-eabi-gcc/bin/../lib/gcc/arm-none-eabi/11.3.1/../../../../arm-none-eabi/lib/thumb/v7e-m+fp/hard\libc_nano.a(libc_a-mallocr.o) (__malloc_lock)
c:/yastudio/arm-none-eabi-gcc/bin/../lib/gcc/arm-none-eabi/11.3.1/../../../../arm-none-eabi/lib/thumb/v7e-m+fp/hard\libc_nano.a(libc_a-mstats.o)
                              Release/kl_lib/kl_lib.o (mallinfo)
c:/yastudio/arm-none-eabi-gcc/bin/../lib/gcc/arm-none-eabi/11.3.1/../../../../arm-none-eabi/lib/thumb/v7e-m+fp/hard\libc_nano.a(libc_a-strtod.o)
                              Release/kl_lib/kl_lib.o (strtof)
c:/yastudio/arm-none-eabi-gcc/bin/../lib/gcc/arm-none-eabi/11.3.1/../../../../arm-none-eabi/lib/thumb/v7e-m+fp/hard\libc_nano.a(libc_a-strtol.o)
                              Release/App.o (strtol)
c:/yastudio/arm-none-eabi-gcc/bin/../lib/gcc/arm-none-eabi/11.3.1/../../../../arm-none-eabi/lib/thumb/v7e-m+fp/hard\libc_nano.a(libc_a-strtoul.o)
                              Release/kl_lib/kl_lib.o (strtoul)
c:/yastudio/arm-none-eabi-gcc/bin/../lib/gcc/arm-none-eabi/11.3.1/../../../../arm-none-eabi/lib/thumb/v7e-m+fp/hard\libc_nano.a(libc_a-malloptr.o)
                              c:/yastudio/arm-none-eabi-gcc/bin/../lib/gcc/arm-none-eabi/11.3.1/../../../../arm-none-eabi/lib/thumb/v7e-m+fp/hard\libc_nano.a(libc_a-mstats.o) (_mallopt_r)
c:/yastudio/arm-none-eabi-gcc/bin/../lib/gcc/arm-none-eabi/11.3.1/../../../../arm-none-eabi/lib/thumb/v7e-m+fp/hard\libc_nano.a(libc_a-ctype_.o)
                              c:/yastudio/arm-none-eabi-gcc/bin/../lib/gcc/arm-none-eabi/11.3.1/../../../../arm-none-eabi/lib/thumb/v7e-m+fp/hard\libc_nano.a(libc_a-strtol.o) (_ctype_)
c:/yastudio/arm-none-eabi-gcc/bin/../lib/gcc/arm-none-eabi/11.3.1/../../../../arm-none-eabi/lib/thumb/v7e-m+fp/hard\libc_nano.a(libc_a-fprintf.o)
                              c:/yastudio/arm-none-eabi-gcc/bin/../lib/gcc/arm-none-eabi/11.3.1/../../../../arm-none-eabi/lib/thumb/v7e-m+fp/hard\libc_nano.a(libc_a-mstats.o) (fiprintf)
c:/yastudio/arm-none-eabi-gcc/bin/../lib/gcc/arm-none-eabi/11.3.1/../../../../arm-none-eabi/lib/thumb/v7e-m+fp/hard\libc_nano.a(libc_a-memcmp.o)
                              Release/Audio/wavreader.o (memcmp)
c:/yastudio/arm-none-eabi-gcc/bin/../lib/gcc/arm-none-eabi/11.3.1/../../../../arm-none-eabi/lib/thumb/v7e-m+fp/hard\libc_nano.a(libc_a-memset.o)
                              Release/main.o (memset)
c:/yastudio/arm-none-eabi-gcc/bin/../lib/gcc/arm-none-eabi/11.3.1/../../../../arm-none-eabi/lib/thumb/v7e-m+fp/hard\libc_nano.a(libc_a-strchr.o)
                              Release/sd/ini_kl.o (strchr)
[...]
Memory Configuration

Name             Origin             Length             Attributes
flash0           0x0000000008000000 0x0000000000040000 xr
flash1           0x0000000000000000 0x0000000000000000 xr
flash2           0x0000000000000000 0x0000000000000000 xr
flash3           0x0000000000000000 0x0000000000000000 xr
flash4           0x0000000000000000 0x0000000000000000 xr
flash5           0x0000000000000000 0x0000000000000000 xr
flash6           0x0000000000000000 0x0000000000000000 xr
flash7           0x0000000000000000 0x0000000000000000 xr
ram0             0x0000000020000000 0x0000000000018000 xw
ram1             0x0000000000000000 0x0000000000000000 xw
ram2             0x0000000000000000 0x0000000000000000 xw
ram3             0x0000000000000000 0x0000000000000000 xw
ram4             0x0000000010000000 0x0000000000008000 xw
ram5             0x0000000000000000 0x0000000000000000 xw
ram6             0x0000000000000000 0x0000000000000000 xw
ram7             0x0000000000000000 0x0000000000000000 xw
*default*        0x0000000000000000 0xffffffffffffffff

Linker script and memory map

LOAD Release/kl_lib/syscalls.o
LOAD Release/os/hal/crt1.o
LOAD Release/os/hal/hal.o
LOAD Release/os/hal/hal_buffers.o
LOAD Release/os/hal/hal_queues.o
LOAD Release/os/hal/hal_st.o
LOAD Release/os/hal/hal_usb.o
LOAD Release/os/hal/hal_usb_lld.o
LOAD Release/os/hal/nvic.o
LOAD Release/os/hal/osal.o
LOAD Release/os/hal/stm32_dma.o
LOAD Release/os/hal/stm32_exti.o
LOAD Release/os/src/chcond.o
LOAD Release/os/src/chdebug.o
LOAD Release/os/src/chdelegates.o
LOAD Release/os/src/chdynamic.o
LOAD Release/os/src/chevents.o
LOAD Release/os/src/chfactory.o
LOAD Release/os/src/chinstances.o
LOAD Release/os/src/chmboxes.o
LOAD Release/os/src/chmemcore.o
LOAD Release/os/src/chmemheaps.o
LOAD Release/os/src/chmempools.o
LOAD Release/os/src/chmsg.o
LOAD Release/os/src/chmtx.o
LOAD Release/os/src/chobjcaches.o
LOAD Release/os/src/chpipes.o
LOAD Release/os/src/chregistry.o
LOAD Release/os/src/chrfcu.o
LOAD Release/os/src/chschd.o
LOAD Release/os/src/chsem.o
LOAD Release/os/src/chstats.o
LOAD Release/os/src/chsys.o
LOAD Release/os/src/chthreads.o
LOAD Release/os/src/chtm.o
LOAD Release/os/src/chtrace.o
LOAD Release/os/src/chvt.o
LOAD Release/os/stm32L4xx/chcore.o
LOAD Release/os/stm32L4xx/hal_lld.o
LOAD Release/os/stm32L4xx/hal_mmcsd.o
LOAD Release/os/stm32L4xx/hal_sdc.o
LOAD Release/os/stm32L4xx/hal_sdc_lld.o
LOAD Release/sd/ccsbcs.o
LOAD Release/sd/fatfs_diskio.o
LOAD Release/sd/fatfs_syscall.o
LOAD Release/sd/ff.o
LOAD Release/App.o
LOAD Release/acc_mma8452.o
LOAD Release/main.o
LOAD Release/version.o
LOAD Release/Audio/AuPlayer.o
LOAD Release/Audio/CS42L52.o
LOAD Release/Audio/audiotrack.o
LOAD Release/Audio/cosine.o
LOAD Release/Audio/wavreader.o
LOAD Release/Radio/cc1101.o
LOAD Release/Radio/radio_lvl1.o
LOAD Release/kl_lib/kl_i2c.o
LOAD Release/kl_lib/kl_lib.o
LOAD Release/kl_lib/kl_string.o
LOAD Release/kl_lib/shell.o
LOAD Release/kl_lib/uart.o
LOAD Release/os/hal/hal_st_lld.o
LOAD Release/sd/ini_kl.o
LOAD Release/sd/kl_fs_utils.o
LOAD Release/sd/kl_sd.o
LOAD Release/os/hal/vectors.o
LOAD Release/os/stm32L4xx/chcoreasm.o
LOAD Release/os/stm32L4xx/crt0_v7m.o
LOAD c:/yastudio/arm-none-eabi-gcc/bin/../lib/gcc/arm-none-eabi/11.3.1/../../../../arm-none-eabi/lib/thumb/v7e-m+fp/hard\libstdc++_nano.a
LOAD c:/yastudio/arm-none-eabi-gcc/bin/../lib/gcc/arm-none-eabi/11.3.1/../../../../arm-none-eabi/lib/thumb/v7e-m+fp/hard\libm.a
START GROUP
LOAD c:/yastudio/arm-none-eabi-gcc/bin/../lib/gcc/arm-none-eabi/11.3.1/thumb/v7e-m+fp/hard\libgcc.a
LOAD c:/yastudio/arm-none-eabi-gcc/bin/../lib/gcc/arm-none-eabi/11.3.1/../../../../arm-none-eabi/lib/thumb/v7e-m+fp/hard\libc_nano.a
END GROUP
START GROUP
LOAD c:/yastudio/arm-none-eabi-gcc/bin/../lib/gcc/arm-none-eabi/11.3.1/thumb/v7e-m+fp/hard\libgcc.a
LOAD c:/yastudio/arm-none-eabi-gcc/bin/../lib/gcc/arm-none-eabi/11.3.1/../../../../arm-none-eabi/lib/thumb/v7e-m+fp/hard\libc_nano.a
LOAD c:/yastudio/arm-none-eabi-gcc/bin/../lib/gcc/arm-none-eabi/11.3.1/../../../../arm-none-eabi/lib/thumb/v7e-m+fp/hard\libnosys.a
END GROUP
START GROUP
LOAD c:/yastudio/arm-none-eabi-gcc/bin/../lib/gcc/arm-none-eabi/11.3.1/thumb/v7e-m+fp/hard\libgcc.a
LOAD c:/yastudio/arm-none-eabi-gcc/bin/../lib/gcc/arm-none-eabi/11.3.1/../../../../arm-none-eabi/lib/thumb/v7e-m+fp/hard\libc_nano.a
LOAD c:/yastudio/arm-none-eabi-gcc/bin/../lib/gcc/arm-none-eabi/11.3.1/../../../../arm-none-eabi/lib/thumb/v7e-m+fp/hard\libnosys.a
END GROUP
                0x0000000000000800                __main_stack_size__ = 0x800
                0x0000000000000800                __process_stack_size__ = 0x800

.mstack         0x0000000020000000      0x800
                0x0000000020000000                . = ALIGN (0x8)
                0x0000000020000000                __main_stack_base__ = .
                0x0000000020000800                . = (. + __main_stack_size__)
 *fill*         0x0000000020000000      0x800 
                0x0000000020000800                . = ALIGN (0x8)
                0x0000000020000800                __main_stack_end__ = .

.pstack         0x0000000020000800      0x800
                0x0000000020000800                . = ALIGN (0x8)
                0x0000000020000800                __process_stack_base__ = .
                0x0000000020000800                __main_thread_stack_base__ = .
                0x0000000020001000                . = (. + __process_stack_size__)
 *fill*         0x0000000020000800      0x800 
                0x0000000020001000                . = ALIGN (0x8)
                0x0000000020001000                __process_stack_end__ = .
                0x0000000020001000                __main_thread_stack_end__ = .

.vectors        0x0000000008000000      0x1a0
 *(.vectors)
 .vectors       0x0000000008000000      0x1a0 Release/os/hal/vectors.o
                0x0000000008000000                _vectors

.xtors          0x00000000080001a0       0x1c
                0x00000000080001a0                __init_array_base__ = .
 *(SORT_BY_NAME(.init_array.*))
 *(.init_array)
 .init_array    0x00000000080001a0        0x4 Release/App.o
 .init_array    0x00000000080001a4        0x4 Release/main.o
 .init_array    0x00000000080001a8        0x4 Release/Audio/AuPlayer.o
 .init_array    0x00000000080001ac        0x4 Release/Audio/CS42L52.o
 .init_array    0x00000000080001b0        0x4 Release/Radio/radio_lvl1.o
 .init_array    0x00000000080001b4        0x4 Release/kl_lib/kl_i2c.o
                0x00000000080001b8                __init_array_end__ = .
                0x00000000080001b8                __fini_array_base__ = .
 *(.fini_array)
 .fini_array    0x00000000080001b8        0x4 Release/App.o
 *(SORT_BY_NAME(.fini_array.*))
                0x00000000080001bc                __fini_array_end__ = .

.text           0x00000000080001bc     0x8d1c
                0x00000000080001bc                __text_base__ = .
 *(.text)
 .text          0x00000000080001bc        0x8 Release/os/hal/vectors.o
                0x00000000080001bc                Reset_Handler
                0x00000000080001be                VectorAC
                0x00000000080001be                DebugMon_Handler
                0x00000000080001be                Vector11C
                0x00000000080001be                Vector19C
                0x00000000080001be                Vector8C
                0x00000000080001be                SysTick_Handler
                0x00000000080001be                PendSV_Handler
                0x00000000080001be                NMI_Handler
                0x00000000080001be                VectorC8
                0x00000000080001be                Vector94
                0x00000000080001be                VectorA8
                0x00000000080001be                VectorB4
                0x00000000080001be                Vector160
                0x00000000080001be                UsageFault_Handler
                0x00000000080001be                VectorEC
                0x00000000080001be                Vector40
                0x00000000080001be                VectorF8
                0x00000000080001be                Vector190
                0x00000000080001be                Vector148
                0x00000000080001be                Vector188
                0x00000000080001be                Vector198
                0x00000000080001be                Vector118
                0x00000000080001be                VectorE8
                0x00000000080001be                Vector54
                0x00000000080001be                Vector98
                0x00000000080001be                Vector138
                0x00000000080001be                Vector24
                0x00000000080001be                Vector178
                0x00000000080001be                SecureFault_Handler
                0x00000000080001be                Vector140
                0x00000000080001be                VectorE4
                0x00000000080001be                Vector158
                0x00000000080001be                Vector134
                0x00000000080001be                VectorF0
                0x00000000080001be                Vector13C
                0x00000000080001be                Vector100
                0x00000000080001be                VectorF4
                0x00000000080001be                MemManage_Handler
                0x00000000080001be                VectorA0
                0x00000000080001be                VectorC4
                0x00000000080001be                Vector180
                0x00000000080001be                VectorB0
                0x00000000080001be                Vector90
                0x00000000080001be                Vector164
                0x00000000080001be                Vector17C
                0x00000000080001be                Vector48
                0x00000000080001be                Vector16C
                0x00000000080001be                Vector4C
                0x00000000080001be                Vector144
                0x00000000080001be                Vector15C
                0x00000000080001be                Vector18C
                0x00000000080001be                Vector170
                0x00000000080001be                Vector88
                0x00000000080001be                Vector184
                0x00000000080001be                Vector14C
                0x00000000080001be                BusFault_Handler
                0x00000000080001be                Vector50
                0x00000000080001be                Vector194
                0x00000000080001be                Vector44
                0x00000000080001be                Vector28
                0x00000000080001be                VectorB8
                0x00000000080001be                VectorFC
                0x00000000080001be                Vector34
                0x00000000080001be                VectorA4
                0x00000000080001be                Vector20
                0x00000000080001be                Vector174
                0x00000000080001c2                _unhandled_exception
 .text          0x00000000080001c4       0x3e Release/os/stm32L4xx/chcoreasm.o
                0x00000000080001c4                __port_switch
                0x00000000080001dc                __port_thread_start
                0x00000000080001f2                __port_switch_from_isr
                0x00000000080001fe                __port_exit_from_isr
 *fill*         0x0000000008000202        0x2 
 .text          0x0000000008000204      0x120 Release/os/stm32L4xx/crt0_v7m.o
                0x0000000008000204                _crt0_entry
 .text          0x0000000008000324       0x30 c:/yastudio/arm-none-eabi-gcc/bin/../lib/gcc/arm-none-eabi/11.3.1/thumb/v7e-m+fp/hard\libgcc.a(_aeabi_uldivmod.o)
                0x0000000008000324                __aeabi_uldivmod
 .text          0x0000000008000354        0x4 c:/yastudio/arm-none-eabi-gcc/bin/../lib/gcc/arm-none-eabi/11.3.1/thumb/v7e-m+fp/hard\libgcc.a(_dvmd_tls.o)
                0x0000000008000354                __aeabi_idiv0
                0x0000000008000354                __aeabi_ldiv0
 .text          0x0000000008000358       0x10 c:/yastudio/arm-none-eabi-gcc/bin/../lib/gcc/arm-none-eabi/11.3.1/../../../../arm-none-eabi/lib/thumb/v7e-m+fp/hard\libc_nano.a(libc_a-strlen.o)
                0x0000000008000358                strlen
 *(.text.*)
 .text.__cpu_init
                0x0000000008000368        0x2 Release/os/hal/crt1.o
                0x0000000008000368                __cpu_init
 .text.__early_init
                0x000000000800036a        0x2 Release/os/hal/crt1.o
                0x000000000800036a                __early_init
 .text.__late_init
                0x000000000800036c        0x2 Release/os/hal/crt1.o
                0x000000000800036c                __late_init
 .text.__default_exit
                0x000000000800036e        0x2 Release/os/hal/crt1.o
                0x000000000800036e                __default_exit
 .text.__init_ram_areas
                0x0000000008000370       0x4c Release/os/hal/crt1.o
                0x0000000008000370                __init_ram_areas
 .text.halInit  0x00000000080003bc       0x12 Release/os/hal/hal.o
                0x00000000080003bc                halInit
 .text.stInit   0x00000000080003ce        0x4 Release/os/hal/hal_st.o
                0x00000000080003ce                stInit
 *fill*         0x00000000080003d2        0x2 
 .text.stGetCounter
                0x00000000080003d4        0xc Release/os/hal/hal_st.o
                0x00000000080003d4                stGetCounter
 .text.stStartAlarm
                0x00000000080003e0       0x14 Release/os/hal/hal_st.o
                0x00000000080003e0                stStartAlarm
 .text.stStopAlarm
                0x00000000080003f4        0xc Release/os/hal/hal_st.o
                0x00000000080003f4                stStopAlarm
 .text.stSetAlarm
                0x0000000008000400        0xc Release/os/hal/hal_st.o
                0x0000000008000400                stSetAlarm
 .text.nvicInit
                0x000000000800040c       0x26 Release/os/hal/nvic.o
                0x000000000800040c                nvicInit
 .text.nvicEnableVector
                0x0000000008000432       0x2c Release/os/hal/nvic.o
                0x0000000008000432                nvicEnableVector
 *fill*         0x000000000800045e        0x2 
 .text.dmaInit  0x0000000008000460       0x3c Release/os/hal/stm32_dma.o
                0x0000000008000460                dmaInit
 .text.dmaStreamAllocI
                0x000000000800049c       0xd8 Release/os/hal/stm32_dma.o
                0x000000000800049c                dmaStreamAllocI
 .text.dmaStreamAlloc
                0x0000000008000574       0x32 Release/os/hal/stm32_dma.o
                0x0000000008000574                dmaStreamAlloc
 *fill*         0x00000000080005a6        0x2 
 .text.dmaServeInterrupt
                0x00000000080005a8       0x40 Release/os/hal/stm32_dma.o
                0x00000000080005a8                dmaServeInterrupt
 .text.Vector6C
                0x00000000080005e8       0x1c Release/os/hal/stm32_dma.o
                0x00000000080005e8                Vector6C
 .text.Vector70
                0x0000000008000604       0x1c Release/os/hal/stm32_dma.o
                0x0000000008000604                Vector70
 .text.Vector74
                0x0000000008000620       0x1c Release/os/hal/stm32_dma.o
                0x0000000008000620                Vector74
 .text.Vector78
                0x000000000800063c       0x1c Release/os/hal/stm32_dma.o
                0x000000000800063c                Vector78
 .text.Vector7C
                0x0000000008000658       0x1c Release/os/hal/stm32_dma.o
                0x0000000008000658                Vector7C
 .text.Vector80
                0x0000000008000674       0x1c Release/os/hal/stm32_dma.o
                0x0000000008000674                Vector80
 .text.Vector84
                0x0000000008000690       0x1c Release/os/hal/stm32_dma.o
                0x0000000008000690                Vector84
 .text.Vector120
                0x00000000080006ac       0x1c Release/os/hal/stm32_dma.o
                0x00000000080006ac                Vector120
 .text.Vector124
                0x00000000080006c8       0x1c Release/os/hal/stm32_dma.o
                0x00000000080006c8                Vector124
 .text.Vector128
                0x00000000080006e4       0x1c Release/os/hal/stm32_dma.o
                0x00000000080006e4                Vector128
 .text.Vector12C
                0x0000000008000700       0x1c Release/os/hal/stm32_dma.o
                0x0000000008000700                Vector12C
 .text.Vector130
                0x000000000800071c       0x1c Release/os/hal/stm32_dma.o
                0x000000000800071c                Vector130
 .text.Vector150
                0x0000000008000738       0x1c Release/os/hal/stm32_dma.o
                0x0000000008000738                Vector150
 .text.Vector154
                0x0000000008000754       0x1c Release/os/hal/stm32_dma.o
                0x0000000008000754                Vector154
 .text.__dbg_check_lock
                0x0000000008000770       0x20 Release/os/src/chdebug.o
                0x0000000008000770                __dbg_check_lock
 .text.__dbg_check_unlock
                0x0000000008000790       0x24 Release/os/src/chdebug.o
                0x0000000008000790                __dbg_check_unlock
 .text.__dbg_check_lock_from_isr
                0x00000000080007b4       0x24 Release/os/src/chdebug.o
                0x00000000080007b4                __dbg_check_lock_from_isr
 .text.__dbg_check_unlock_from_isr
                0x00000000080007d8       0x24 Release/os/src/chdebug.o
                0x00000000080007d8                __dbg_check_unlock_from_isr
 .text.__dbg_check_enter_isr
                0x00000000080007fc       0x30 Release/os/src/chdebug.o
                0x00000000080007fc                __dbg_check_enter_isr
 .text.__dbg_check_leave_isr
                0x000000000800082c       0x30 Release/os/src/chdebug.o
                0x000000000800082c                __dbg_check_leave_isr
 .text.chDbgCheckClassI
                0x000000000800085c       0x20 Release/os/src/chdebug.o
                0x000000000800085c                chDbgCheckClassI
 .text.chDbgCheckClassS
                0x000000000800087c       0x1c Release/os/src/chdebug.o
                0x000000000800087c                chDbgCheckClassS
 .text.__idle_thread
                0x0000000008000898        0x2 Release/os/src/chinstances.o
 *fill*         0x000000000800089a        0x2 
 .text.chInstanceObjectInit
                0x000000000800089c       0x7c Release/os/src/chinstances.o
                0x000000000800089c                chInstanceObjectInit
 .text.chRFCUCollectFaultsI
                0x0000000008000918       0x10 Release/os/src/chrfcu.o
                0x0000000008000918                chRFCUCollectFaultsI
 .text.__sch_ready_behind
                0x0000000008000928       0x1c Release/os/src/chschd.o
 .text.__sch_ready_ahead
                0x0000000008000944       0x1c Release/os/src/chschd.o
 .text.__sch_wakeup
                0x0000000008000960       0x5c Release/os/src/chschd.o
 .text.chSchReadyI
                0x00000000080009bc       0x20 Release/os/src/chschd.o
                0x00000000080009bc                chSchReadyI
 .text.chSchGoSleepS
                0x00000000080009dc       0x44 Release/os/src/chschd.o
                0x00000000080009dc                chSchGoSleepS
 .text.chSchGoSleepTimeoutS
                0x0000000008000a20       0x4c Release/os/src/chschd.o
                0x0000000008000a20                chSchGoSleepTimeoutS
 .text.chSchWakeupS
                0x0000000008000a6c       0x58 Release/os/src/chschd.o
                0x0000000008000a6c                chSchWakeupS
 .text.chSchIsPreemptionRequired
                0x0000000008000ac4       0x18 Release/os/src/chschd.o
                0x0000000008000ac4                chSchIsPreemptionRequired
 .text.chSchDoPreemption
                0x0000000008000adc       0x40 Release/os/src/chschd.o
                0x0000000008000adc                chSchDoPreemption
 .text.chSchRescheduleS
                0x0000000008000b1c       0x24 Release/os/src/chschd.o
                0x0000000008000b1c                chSchRescheduleS
 .text.chSemObjectInit
                0x0000000008000b40       0x20 Release/os/src/chsem.o
                0x0000000008000b40                chSemObjectInit
 .text.chSemResetWithMessageI
                0x0000000008000b60       0x38 Release/os/src/chsem.o
                0x0000000008000b60                chSemResetWithMessageI
 .text.chSemResetWithMessage
                0x0000000008000b98       0x30 Release/os/src/chsem.o
                0x0000000008000b98                chSemResetWithMessage
 .text.chSemWaitTimeoutS
                0x0000000008000bc8       0x50 Release/os/src/chsem.o
                0x0000000008000bc8                chSemWaitTimeoutS
 .text.chSemWaitTimeout
                0x0000000008000c18       0x2c Release/os/src/chsem.o
                0x0000000008000c18                chSemWaitTimeout
 .text.chSemSignal
                0x0000000008000c44       0x40 Release/os/src/chsem.o
                0x0000000008000c44                chSemSignal
 .text.chSemSignalI
                0x0000000008000c84       0x34 Release/os/src/chsem.o
                0x0000000008000c84                chSemSignalI
 .text.chSysInit
                0x0000000008000cb8       0x30 Release/os/src/chsys.o
                0x0000000008000cb8                chSysInit
 .text.chSysHalt
                0x0000000008000ce8       0x18 Release/os/src/chsys.o
                0x0000000008000ce8                chSysHalt
 .text.chSysTimerHandlerI
                0x0000000008000d00        0xe Release/os/src/chsys.o
                0x0000000008000d00                chSysTimerHandlerI
 .text.chSysLock
                0x0000000008000d0e        0xa Release/os/src/chthreads.o
 .text.chSysUnlock
                0x0000000008000d18        0xe Release/os/src/chthreads.o
 *fill*         0x0000000008000d26        0x2 
 .text.chThdSleepS
                0x0000000008000d28       0x1c Release/os/src/chthreads.o
 .text.__thd_object_init
                0x0000000008000d44       0x10 Release/os/src/chthreads.o
                0x0000000008000d44                __thd_object_init
 .text.chThdCreateSuspendedI
                0x0000000008000d54       0x8c Release/os/src/chthreads.o
                0x0000000008000d54                chThdCreateSuspendedI
 .text.chThdCreateI
                0x0000000008000de0        0xe Release/os/src/chthreads.o
                0x0000000008000de0                chThdCreateI
 *fill*         0x0000000008000dee        0x2 
 .text.chThdCreateStatic
                0x0000000008000df0       0x70 Release/os/src/chthreads.o
                0x0000000008000df0                chThdCreateStatic
 .text.chThdExitS
                0x0000000008000e60       0x10 Release/os/src/chthreads.o
                0x0000000008000e60                chThdExitS
 .text.chThdExit
                0x0000000008000e70       0x14 Release/os/src/chthreads.o
                0x0000000008000e70                chThdExit
 .text.chThdSleep
                0x0000000008000e84       0x18 Release/os/src/chthreads.o
                0x0000000008000e84                chThdSleep
 .text.chThdSuspendS
                0x0000000008000e9c       0x1c Release/os/src/chthreads.o
                0x0000000008000e9c                chThdSuspendS
 .text.chThdSuspendTimeoutS
                0x0000000008000eb8       0x1c Release/os/src/chthreads.o
                0x0000000008000eb8                chThdSuspendTimeoutS
 .text.chThdResumeI
                0x0000000008000ed4       0x12 Release/os/src/chthreads.o
                0x0000000008000ed4                chThdResumeI
 .text.chThdResumeS
                0x0000000008000ee6       0x10 Release/os/src/chthreads.o
                0x0000000008000ee6                chThdResumeS
 .text.chThdResume
                0x0000000008000ef6       0x1c Release/os/src/chthreads.o
                0x0000000008000ef6                chThdResume
 .text.ch_dlist_insert
                0x0000000008000f12       0x2a Release/os/src/chvt.o
 .text.vt_set_alarm
                0x0000000008000f3c       0x36 Release/os/src/chvt.o
 *fill*         0x0000000008000f72        0x2 
 .text.vt_insert_first.constprop.0
                0x0000000008000f74       0x50 Release/os/src/chvt.o
 .text.vt_enqueue.constprop.0
                0x0000000008000fc4       0x50 Release/os/src/chvt.o
 .text.chVTDoSetI
                0x0000000008001014       0x34 Release/os/src/chvt.o
                0x0000000008001014                chVTDoSetI
 .text.chVTDoResetI
                0x0000000008001048       0x7c Release/os/src/chvt.o
                0x0000000008001048                chVTDoResetI
 .text.chVTDoTickI
                0x00000000080010c4       0xbc Release/os/src/chvt.o
                0x00000000080010c4                chVTDoTickI
 .text.SVC_Handler
                0x0000000008001180       0x20 Release/os/stm32L4xx/chcore.o
                0x0000000008001180                SVC_Handler
 .text.port_init
                0x00000000080011a0       0x48 Release/os/stm32L4xx/chcore.o
                0x00000000080011a0                port_init
 .text.__port_irq_epilogue
                0x00000000080011e8       0x54 Release/os/stm32L4xx/chcore.o
                0x00000000080011e8                __port_irq_epilogue
 .text.hal_lld_init
                0x000000000800123c       0x80 Release/os/stm32L4xx/hal_lld.o
                0x000000000800123c                hal_lld_init
 .text._mmcsd_get_slice
                0x00000000080012bc       0x60 Release/os/stm32L4xx/hal_mmcsd.o
                0x00000000080012bc                _mmcsd_get_slice
 .text._mmcsd_get_capacity
                0x000000000800131c       0x64 Release/os/stm32L4xx/hal_mmcsd.o
                0x000000000800131c                _mmcsd_get_capacity
 .text._mmcsd_get_capacity_ext
                0x0000000008001380       0x30 Release/os/stm32L4xx/hal_mmcsd.o
                0x0000000008001380                _mmcsd_get_capacity_ext
 .text.sdcGetInfo
                0x00000000080013b0       0x2c Release/os/stm32L4xx/hal_sdc.o
                0x00000000080013b0                sdcGetInfo
 .text.sdcRead  0x00000000080013dc       0x48 Release/os/stm32L4xx/hal_sdc.o
                0x00000000080013dc                sdcRead
 .text.sdcWrite
                0x0000000008001424       0x48 Release/os/stm32L4xx/hal_sdc.o
                0x0000000008001424                sdcWrite
 .text.sdcSync  0x000000000800146c       0x28 Release/os/stm32L4xx/hal_sdc.o
                0x000000000800146c                sdcSync
 .text.sdcConnect
                0x0000000008001494      0x32c Release/os/stm32L4xx/hal_sdc.o
                0x0000000008001494                sdcConnect
 .text._sdc_wait_for_transfer_state
                0x00000000080017c0       0x3c Release/os/stm32L4xx/hal_sdc.o
                0x00000000080017c0                _sdc_wait_for_transfer_state
 .text.sdcDisconnect
                0x00000000080017fc       0x50 Release/os/stm32L4xx/hal_sdc.o
                0x00000000080017fc                sdcDisconnect
 .text.sdcInit  0x000000000800184c        0x4 Release/os/stm32L4xx/hal_sdc.o
                0x000000000800184c                sdcInit
 .text.sdcObjectInit
                0x0000000008001850       0x18 Release/os/stm32L4xx/hal_sdc.o
                0x0000000008001850                sdcObjectInit
 .text.sdcStart
                0x0000000008001868       0x34 Release/os/stm32L4xx/hal_sdc.o
                0x0000000008001868                sdcStart
 .text.sdc_lld_collect_errors
                0x000000000800189c       0x34 Release/os/stm32L4xx/hal_sdc_lld.o
 .text.Vector104
                0x00000000080018d0       0x3c Release/os/stm32L4xx/hal_sdc_lld.o
                0x00000000080018d0                Vector104
 .text.sdc_lld_init
                0x000000000800190c       0x34 Release/os/stm32L4xx/hal_sdc_lld.o
                0x000000000800190c                sdc_lld_init
 .text.sdc_lld_start
                0x0000000008001940       0x70 Release/os/stm32L4xx/hal_sdc_lld.o
                0x0000000008001940                sdc_lld_start
 .text.sdc_lld_start_clk
                0x00000000080019b0       0x1c Release/os/stm32L4xx/hal_sdc_lld.o
                0x00000000080019b0                sdc_lld_start_clk
 .text.sdc_lld_set_data_clk
                0x00000000080019cc       0x14 Release/os/stm32L4xx/hal_sdc_lld.o
                0x00000000080019cc                sdc_lld_set_data_clk
 .text.sdc_lld_stop_clk
                0x00000000080019e0        0xa Release/os/stm32L4xx/hal_sdc_lld.o
                0x00000000080019e0                sdc_lld_stop_clk
 .text.sdc_lld_set_bus_mode
                0x00000000080019ea       0x22 Release/os/stm32L4xx/hal_sdc_lld.o
                0x00000000080019ea                sdc_lld_set_bus_mode
 .text.sdc_lld_send_cmd_none
                0x0000000008001a0c       0x16 Release/os/stm32L4xx/hal_sdc_lld.o
                0x0000000008001a0c                sdc_lld_send_cmd_none
 .text.sdc_lld_send_cmd_short
                0x0000000008001a22       0x2c Release/os/stm32L4xx/hal_sdc_lld.o
                0x0000000008001a22                sdc_lld_send_cmd_short
 .text.sdc_lld_send_cmd_short_crc
                0x0000000008001a4e       0x2c Release/os/stm32L4xx/hal_sdc_lld.o
                0x0000000008001a4e                sdc_lld_send_cmd_short_crc
 *fill*         0x0000000008001a7a        0x2 
 .text.sdc_lld_wait_transaction_end
                0x0000000008001a7c       0x84 Release/os/stm32L4xx/hal_sdc_lld.o
 .text.sdc_lld_error_cleanup
                0x0000000008001b00       0x4c Release/os/stm32L4xx/hal_sdc_lld.o
 .text.sdc_lld_send_cmd_long_crc
                0x0000000008001b4c       0x38 Release/os/stm32L4xx/hal_sdc_lld.o
                0x0000000008001b4c                sdc_lld_send_cmd_long_crc
 .text.sdc_lld_read_special
                0x0000000008001b84       0xb0 Release/os/stm32L4xx/hal_sdc_lld.o
                0x0000000008001b84                sdc_lld_read_special
 .text.sdc_lld_read_aligned
                0x0000000008001c34       0xc8 Release/os/stm32L4xx/hal_sdc_lld.o
                0x0000000008001c34                sdc_lld_read_aligned
 .text.sdc_lld_write_aligned
                0x0000000008001cfc       0xcc Release/os/stm32L4xx/hal_sdc_lld.o
                0x0000000008001cfc                sdc_lld_write_aligned
 .text.sdc_lld_read
                0x0000000008001dc8       0x4e Release/os/stm32L4xx/hal_sdc_lld.o
                0x0000000008001dc8                sdc_lld_read
 .text.sdc_lld_write
                0x0000000008001e16       0x4e Release/os/stm32L4xx/hal_sdc_lld.o
                0x0000000008001e16                sdc_lld_write
 .text.sdc_lld_sync
                0x0000000008001e64        0x4 Release/os/stm32L4xx/hal_sdc_lld.o
                0x0000000008001e64                sdc_lld_sync
 .text.ff_convert
                0x0000000008001e68       0x38 Release/sd/ccsbcs.o
                0x0000000008001e68                ff_convert
 .text.ff_wtoupper
                0x0000000008001ea0       0x24 Release/sd/ccsbcs.o
                0x0000000008001ea0                ff_wtoupper
 .text.SDRead   0x0000000008001ec4       0x20 Release/sd/fatfs_diskio.o
                0x0000000008001ec4                SDRead
 .text.SDWrite  0x0000000008001ee4       0x20 Release/sd/fatfs_diskio.o
                0x0000000008001ee4                SDWrite
 .text.disk_initialize
                0x0000000008001f04       0x10 Release/sd/fatfs_diskio.o
                0x0000000008001f04                disk_initialize
 .text.disk_status
                0x0000000008001f14        0x4 Release/sd/fatfs_diskio.o
                0x0000000008001f14                disk_status
 .text.disk_read
                0x0000000008001f18        0x8 Release/sd/fatfs_diskio.o
                0x0000000008001f18                disk_read
 .text.disk_write
                0x0000000008001f20        0x8 Release/sd/fatfs_diskio.o
                0x0000000008001f20                disk_write
 .text.disk_ioctl
                0x0000000008001f28       0x30 Release/sd/fatfs_diskio.o
                0x0000000008001f28                disk_ioctl
 .text.ff_cre_syncobj
                0x0000000008001f58       0x1c Release/sd/fatfs_syscall.o
                0x0000000008001f58                ff_cre_syncobj
 .text.ff_del_syncobj
                0x0000000008001f74       0x10 Release/sd/fatfs_syscall.o
                0x0000000008001f74                ff_del_syncobj
 .text.ff_req_grant
                0x0000000008001f84       0x12 Release/sd/fatfs_syscall.o
                0x0000000008001f84                ff_req_grant
 .text.ff_rel_grant
                0x0000000008001f96        0x4 Release/sd/fatfs_syscall.o
                0x0000000008001f96                ff_rel_grant
 .text.ff_memalloc
                0x0000000008001f9a        0x4 Release/sd/fatfs_syscall.o
                0x0000000008001f9a                ff_memalloc
 .text.ff_memfree
                0x0000000008001f9e        0x4 Release/sd/fatfs_syscall.o
                0x0000000008001f9e                ff_memfree
 .text.ld_dword
                0x0000000008001fa2        0x4 Release/sd/ff.o
 .text.clust2sect
                0x0000000008001fa6       0x16 Release/sd/ff.o
 .text.clmt_clust
                0x0000000008001fbc       0x22 Release/sd/ff.o
 .text.st_clust
                0x0000000008001fde       0x18 Release/sd/ff.o
 .text.sum_sfn  0x0000000008001ff6       0x1e Release/sd/ff.o
 .text.get_ldnumber
                0x0000000008002014       0x30 Release/sd/ff.o
 .text.unlock_fs
                0x0000000008002044       0x18 Release/sd/ff.o
 .text.mem_cpy.part.0
                0x000000000800205c       0x12 Release/sd/ff.o
 .text.sync_window.part.0
                0x000000000800206e       0x4c Release/sd/ff.o
 .text.sync_window
                0x00000000080020ba        0xc Release/sd/ff.o
 .text.move_window
                0x00000000080020c6       0x32 Release/sd/ff.o
 .text.check_fs
                0x00000000080020f8       0x78 Release/sd/ff.o
 .text.put_fat  0x0000000008002170      0x100 Release/sd/ff.o
 .text.ld_clust.isra.0
                0x0000000008002270       0x10 Release/sd/ff.o
 .text.get_fat.isra.0
                0x0000000008002280       0xac Release/sd/ff.o
 .text.remove_chain
                0x000000000800232c       0x70 Release/sd/ff.o
 .text.create_chain
                0x000000000800239c       0xb0 Release/sd/ff.o
 .text.dir_sdi  0x000000000800244c       0x80 Release/sd/ff.o
 .text.validate
                0x00000000080024cc       0x44 Release/sd/ff.o
 .text.dir_next
                0x0000000008002510       0xee Release/sd/ff.o
 *fill*         0x00000000080025fe        0x2 
 .text.dir_find
                0x0000000008002600      0x160 Release/sd/ff.o
 .text.find_volume
                0x0000000008002760      0x254 Release/sd/ff.o
 .text.dir_register
                0x00000000080029b4      0x288 Release/sd/ff.o
 .text.follow_path
                0x0000000008002c3c      0x268 Release/sd/ff.o
 .text.sync_fs  0x0000000008002ea4       0xb2 Release/sd/ff.o
 *fill*         0x0000000008002f56        0x2 
 .text.f_mount  0x0000000008002f58       0x78 Release/sd/ff.o
                0x0000000008002f58                f_mount
 .text.f_open   0x0000000008002fd0      0x1ec Release/sd/ff.o
                0x0000000008002fd0                f_open
 .text.f_read   0x00000000080031bc      0x186 Release/sd/ff.o
                0x00000000080031bc                f_read
 .text.f_sync   0x0000000008003342       0xa2 Release/sd/ff.o
                0x0000000008003342                f_sync
 .text.f_close  0x00000000080033e4       0x28 Release/sd/ff.o
                0x00000000080033e4                f_close
 .text.f_lseek  0x000000000800340c      0x20c Release/sd/ff.o
                0x000000000800340c                f_lseek
 .text.f_gets   0x0000000008003618       0x46 Release/sd/ff.o
                0x0000000008003618                f_gets
 .text._ZN12PrintfHelper5PrintEPKcz
                0x000000000800365e       0x1a Release/App.o
                0x000000000800365e                PrintfHelper::Print(char const*, ...)
 .text._ZN6Config9PrintTypeEv
                0x0000000008003678       0x6c Release/App.o
                0x0000000008003678                Config::PrintType()
 .text._ZN6Config10PrintTxPwrEv
                0x00000000080036e4       0xb4 Release/App.o
                0x00000000080036e4                Config::PrintTxPwr()
 .text._ZN3App12PrepareTxPktEv
                0x0000000008003798       0x38 Release/App.o
                0x0000000008003798                App::PrepareTxPkt()
 .text._ZN3App5OnCmdEP5Shell
                0x00000000080037d0      0x10c Release/App.o
                0x00000000080037d0                App::OnCmd(Shell*)
 .text._ZN15BaseSequencer_tI13LedRGBChunk_tE14StartOrRestartEPKS0_
                0x00000000080038dc       0x2e Release/App.o
                0x00000000080038dc                BaseSequencer_t<LedRGBChunk_t>::StartOrRestart(LedRGBChunk_t const*)
 *fill*         0x000000000800390a        0x2 
 .text._ZN3AppL8SetStateE7DevType
                0x000000000800390c       0x84 Release/App.o
 .text._ZN3App12ProcessRxTblER7RxTable
                0x0000000008003990       0x84 Release/App.o
                0x0000000008003990                App::ProcessRxTbl(RxTable&)
 .text.startup._GLOBAL__sub_I__ZN7Battery10mV2PercentEmPNS_9mVPercentEm
                0x0000000008003a14       0x88 Release/App.o
 .text.exit._GLOBAL__sub_D__ZN7Battery10mV2PercentEmPNS_9mVPercentEm
                0x0000000008003a9c       0x14 Release/App.o
 .text._ZN14LedRGBParent_t10ISwitchOffEv
                0x0000000008003ab0       0x22 Release/main.o
                0x0000000008003ab0                LedRGBParent_t::ISwitchOff()
 .text._ZN8LedRGB_t8SetColorE7Color_t
                0x0000000008003ad2       0x3a Release/main.o
                0x0000000008003ad2                LedRGB_t::SetColor(Color_t)
 .text._Z6Resumev
                0x0000000008003b0c       0x1c Release/main.o
                0x0000000008003b0c                Resume()
 .text._Z7Standbyv
                0x0000000008003b28       0x1c Release/main.o
                0x0000000008003b28                Standby()
 .text._Z5OnCmdP5Shell
                0x0000000008003b44       0x9c Release/main.o
                0x0000000008003b44                OnCmd(Shell*)
 .text._Z5ITaskv
                0x0000000008003be0      0x17c Release/main.o
                0x0000000008003be0                ITask()
 .text._ZN15BaseSequencer_tI13LedRGBChunk_tE10SetupDelayEm
                0x0000000008003d5c       0x48 Release/main.o
                0x0000000008003d5c                BaseSequencer_t<LedRGBChunk_t>::SetupDelay(unsigned long)
 .text._ZN14LedRGBParent_t6ISetupEv
                0x0000000008003da4      0x114 Release/main.o
                0x0000000008003da4                LedRGBParent_t::ISetup()
 .text.startup.main
                0x0000000008003eb8      0x384 Release/main.o
                0x0000000008003eb8                main
 .text._ZN9EvtMsgQ_tI8EvtMsg_tLm18EE14SendNowOrExitIERKS0_
                0x000000000800423c       0x54 Release/main.o
                0x000000000800423c                EvtMsgQ_t<EvtMsg_t, 18ul>::SendNowOrExitI(EvtMsg_t const&)
 .text._ZN15BaseSequencer_tI13LedRGBChunk_tE11IIrqHandlerEv
                0x0000000008004290       0xb4 Release/main.o
                0x0000000008004290                BaseSequencer_t<LedRGBChunk_t>::IIrqHandler()
 .text.startup._GLOBAL__sub_I_OsIsInitialized
                0x0000000008004344      0x240 Release/main.o
 .text._Z12TellCallbackPv
                0x0000000008004584        0x4 Release/Audio/AuPlayer.o
                0x0000000008004584                TellCallback(void*)
 .text._Z12SeekCallbackPvj
                0x0000000008004588       0x1c Release/Audio/AuPlayer.o
                0x0000000008004588                SeekCallback(void*, unsigned int)
 .text._Z12ReadCallbackPvPhj
                0x00000000080045a4       0x18 Release/Audio/AuPlayer.o
                0x00000000080045a4                ReadCallback(void*, unsigned char*, unsigned int)
 .text._ZN8FSound_t9ReadToBufEP8SndBuf_t
                0x00000000080045bc       0x18 Release/Audio/AuPlayer.o
                0x00000000080045bc                FSound_t::ReadToBuf(SndBuf_t*)
 .text._ZN8FSound_t9IsPlayingEv
                0x00000000080045d4       0x26 Release/Audio/AuPlayer.o
                0x00000000080045d4                FSound_t::IsPlaying()
 *fill*         0x00000000080045fa        0x2 
 .text._ZN8FSound_tC2Ev
                0x00000000080045fc       0x34 Release/Audio/AuPlayer.o
                0x00000000080045fc                FSound_t::FSound_t()
                0x00000000080045fc                FSound_t::FSound_t()
 .text._ZN10AuPlayer_t4InitEv
                0x0000000008004630       0x40 Release/Audio/AuPlayer.o
                0x0000000008004630                AuPlayer_t::Init()
 .text._ZN10AuPlayer_t11ISwitchSndsEv
                0x0000000008004670       0x40 Release/Audio/AuPlayer.o
                0x0000000008004670                AuPlayer_t::ISwitchSnds()
 .text._ZN8FSound_t7FadeOutEv
                0x00000000080046b0        0xe Release/Audio/AuPlayer.o
                0x00000000080046b0                FSound_t::FadeOut()
 .text._ZN9EvtMsgQ_tI13EvtMsgAudio_tLm18EE14SendNowOrExitIERKS0_
                0x00000000080046be       0x54 Release/Audio/AuPlayer.o
                0x00000000080046be                EvtMsgQ_t<EvtMsgAudio_t, 18ul>::SendNowOrExitI(EvtMsgAudio_t const&)
 *fill*         0x0000000008004712        0x2 
 .text._ZN10AuPlayer_t10IHandleIrqEv
                0x0000000008004714       0x70 Release/Audio/AuPlayer.o
                0x0000000008004714                AuPlayer_t::IHandleIrq()
 .text._Z12IDmaSAITxIrqv
                0x0000000008004784        0xc Release/Audio/AuPlayer.o
                0x0000000008004784                IDmaSAITxIrq()
 .text._ZN10AuPlayer_t4PlayEPKc10PlayMode_t
                0x0000000008004790       0x44 Release/Audio/AuPlayer.o
                0x0000000008004790                AuPlayer_t::Play(char const*, PlayMode_t)
 .text._ZN9EvtMsgQ_tI8EvtMsg_tLm18EE13SendNowOrExitERKS0_
                0x00000000080047d4       0x6a Release/Audio/AuPlayer.o
                0x00000000080047d4                EvtMsgQ_t<EvtMsg_t, 18ul>::SendNowOrExit(EvtMsg_t const&)
 *fill*         0x000000000800483e        0x2 
 .text._ZN10AuPlayer_t18IPrepareToPlayNextEPKc10PlayMode_t
                0x0000000008004840      0x108 Release/Audio/AuPlayer.o
                0x0000000008004840                AuPlayer_t::IPrepareToPlayNext(char const*, PlayMode_t)
 .text._ZN10AuPlayer_t9IPlayNextEPKc10PlayMode_t
                0x0000000008004948       0x34 Release/Audio/AuPlayer.o
                0x0000000008004948                AuPlayer_t::IPlayNext(char const*, PlayMode_t)
 .text._ZN10AuPlayer_t5ITaskEv
                0x000000000800497c      0x130 Release/Audio/AuPlayer.o
                0x000000000800497c                AuPlayer_t::ITask()
 .text._ZL11AudioThreadPv
                0x0000000008004aac        0xc Release/Audio/AuPlayer.o
 .text.startup._GLOBAL__sub_I_AuPlayer
                0x0000000008004ab8       0x5c Release/Audio/AuPlayer.o
 .text._Z11DmaSAITxIrqPvm
                0x0000000008004b14       0x24 Release/Audio/CS42L52.o
                0x0000000008004b14                DmaSAITxIrq(void*, unsigned long)
 .text._ZN9CS42L52_t8WriteRegEhh.constprop.0.isra.0
                0x0000000008004b38       0x20 Release/Audio/CS42L52.o
 .text._ZN9CS42L52_t10DisableSAIEv.isra.0
                0x0000000008004b58       0x18 Release/Audio/CS42L52.o
 .text._Z14AuOnNewSampleIR14SampleStereo_t
                0x0000000008004b70        0x2 Release/Audio/CS42L52.o
                0x0000000008004b70                AuOnNewSampleI(SampleStereo_t&)
 *fill*         0x0000000008004b72        0x2 
 .text._ZN9CS42L52_t7StandbyEv
                0x0000000008004b74       0x28 Release/Audio/CS42L52.o
                0x0000000008004b74                CS42L52_t::Standby()
 .text._ZN9CS42L52_t6ResumeEv
                0x0000000008004b9c       0x24 Release/Audio/CS42L52.o
                0x0000000008004b9c                CS42L52_t::Resume()
 .text._ZN9CS42L52_t15SetupMonoStereoE12MonoStereo_t
                0x0000000008004bc0       0x44 Release/Audio/CS42L52.o
                0x0000000008004bc0                CS42L52_t::SetupMonoStereo(MonoStereo_t)
 .text._ZN9CS42L52_t15SetupSampleRateEm
                0x0000000008004c04       0x38 Release/Audio/CS42L52.o
                0x0000000008004c04                CS42L52_t::SetupSampleRate(unsigned long)
 .text._ZN9CS42L52_t11TransmitBufEPVvm
                0x0000000008004c3c       0x58 Release/Audio/CS42L52.o
                0x0000000008004c3c                CS42L52_t::TransmitBuf(void volatile*, unsigned long)
 .text._ZN9CS42L52_t14IsTransmittingEv
                0x0000000008004c94       0x14 Release/Audio/CS42L52.o
                0x0000000008004c94                CS42L52_t::IsTransmitting()
 .text._ZN9CS42L52_t7ReadRegEhPh
                0x0000000008004ca8       0x24 Release/Audio/CS42L52.o
                0x0000000008004ca8                CS42L52_t::ReadReg(unsigned char, unsigned char*)
 .text._ZN9CS42L52_t15WriteTwoTheSameEhh
                0x0000000008004ccc       0x28 Release/Audio/CS42L52.o
                0x0000000008004ccc                CS42L52_t::WriteTwoTheSame(unsigned char, unsigned char)
 .text._ZN9CS42L52_t10SetMicGainEh
                0x0000000008004cf4       0x22 Release/Audio/CS42L52.o
                0x0000000008004cf4                CS42L52_t::SetMicGain(unsigned char)
 .text._ZN9CS42L52_t10SetPGAGainEa
                0x0000000008004d16       0x1a Release/Audio/CS42L52.o
                0x0000000008004d16                CS42L52_t::SetPGAGain(signed char)
 .text._ZN9CS42L52_t12SetAdcVolumeEa
                0x0000000008004d30       0x16 Release/Audio/CS42L52.o
                0x0000000008004d30                CS42L52_t::SetAdcVolume(signed char)
 .text._ZN9CS42L52_t17SetPcmMixerVolumeEa
                0x0000000008004d46       0x1c Release/Audio/CS42L52.o
                0x0000000008004d46                CS42L52_t::SetPcmMixerVolume(signed char)
 .text._ZN9CS42L52_t15SetMasterVolumeEa
                0x0000000008004d62       0x1c Release/Audio/CS42L52.o
                0x0000000008004d62                CS42L52_t::SetMasterVolume(signed char)
 .text._ZN9CS42L52_t18SetHeadphoneVolumeEa
                0x0000000008004d7e       0x28 Release/Audio/CS42L52.o
                0x0000000008004d7e                CS42L52_t::SetHeadphoneVolume(signed char)
 .text._ZN9CS42L52_t16SetSpeakerVolumeEa
                0x0000000008004da6       0x1c Release/Audio/CS42L52.o
                0x0000000008004da6                CS42L52_t::SetSpeakerVolume(signed char)
 *fill*         0x0000000008004dc2        0x2 
 .text._ZN9CS42L52_t4InitEv
                0x0000000008004dc4      0x378 Release/Audio/CS42L52.o
                0x0000000008004dc4                CS42L52_t::Init()
 .text._ZN9CS42L52_t17DisableHeadphonesEv
                0x000000000800513c       0x2a Release/Audio/CS42L52.o
                0x000000000800513c                CS42L52_t::DisableHeadphones()
 .text._ZN9CS42L52_t17EnableSpeakerMonoEv
                0x0000000008005166       0x36 Release/Audio/CS42L52.o
                0x0000000008005166                CS42L52_t::EnableSpeakerMono()
 .text.Vector168
                0x000000000800519c       0x34 Release/Audio/CS42L52.o
                0x000000000800519c                Vector168
 .text.startup._GLOBAL__sub_I__Z11DmaSAITxIrqPvm
                0x00000000080051d0       0x38 Release/Audio/CS42L52.o
 .text._ZN10AudioTrackC2EPFjPvEPFbS0_jEPFjS0_PhjEj
                0x0000000008005208       0x34 Release/Audio/audiotrack.o
                0x0000000008005208                AudioTrack::AudioTrack(unsigned int (*)(void*), bool (*)(void*, unsigned int), unsigned int (*)(void*, unsigned char*, unsigned int), unsigned int)
                0x0000000008005208                AudioTrack::AudioTrack(unsigned int (*)(void*), bool (*)(void*, unsigned int), unsigned int (*)(void*, unsigned char*, unsigned int), unsigned int)
 .text._ZN10AudioTrack4fadeEtNS_4FadeEt
                0x000000000800523c       0x3a Release/Audio/audiotrack.o
                0x000000000800523c                AudioTrack::fade(unsigned short, AudioTrack::Fade, unsigned short)
 .text._ZN10AudioTrack5startEPvN9WavReader4ModeEbtNS_4FadeEt
                0x0000000008005276       0x7c Release/Audio/audiotrack.o
                0x0000000008005276                AudioTrack::start(void*, WavReader::Mode, bool, unsigned short, AudioTrack::Fade, unsigned short)
 .text._ZN10AudioTrack4stopENS_4FadeEt
                0x00000000080052f2       0x2a Release/Audio/audiotrack.o
                0x00000000080052f2                AudioTrack::stop(AudioTrack::Fade, unsigned short)
 .text._ZN10AudioTrack4playEPsj
                0x000000000800531c      0x13c Release/Audio/audiotrack.o
                0x000000000800531c                AudioTrack::play(short*, unsigned int)
 .text._Z22cosineFromZeroToHalfPitt
                0x0000000008005458       0x44 Release/Audio/cosine.o
                0x0000000008005458                cosineFromZeroToHalfPi(unsigned short, unsigned short)
 .text._ZN9WavReaderC2EPFjPvEPFbS0_jEPFjS0_PhjE
                0x000000000800549c        0xe Release/Audio/wavreader.o
                0x000000000800549c                WavReader::WavReader(unsigned int (*)(void*), bool (*)(void*, unsigned int), unsigned int (*)(void*, unsigned char*, unsigned int))
                0x000000000800549c                WavReader::WavReader(unsigned int (*)(void*), bool (*)(void*, unsigned int), unsigned int (*)(void*, unsigned char*, unsigned int))
 .text._ZN9WavReader5closeEv
                0x00000000080054aa        0x6 Release/Audio/wavreader.o
                0x00000000080054aa                WavReader::close()
 .text._ZN9WavReader4tellEv
                0x00000000080054b0        0x6 Release/Audio/wavreader.o
                0x00000000080054b0                WavReader::tell()
 .text._ZN9WavReader4seekEj
                0x00000000080054b6        0x6 Release/Audio/wavreader.o
                0x00000000080054b6                WavReader::seek(unsigned int)
 .text._ZN9WavReader4readEPhj
                0x00000000080054bc        0x6 Release/Audio/wavreader.o
                0x00000000080054bc                WavReader::read(unsigned char*, unsigned int)
 .text._ZN9WavReader7readU16EPt
                0x00000000080054c2       0x12 Release/Audio/wavreader.o
                0x00000000080054c2                WavReader::readU16(unsigned short*)
 .text._ZN9WavReader7readU32EPm
                0x00000000080054d4       0x12 Release/Audio/wavreader.o
                0x00000000080054d4                WavReader::readU32(unsigned long*)
 .text._ZN9WavReader14readCharBufferEPcj
                0x00000000080054e6       0x12 Release/Audio/wavreader.o
                0x00000000080054e6                WavReader::readCharBuffer(char*, unsigned int)
 .text._ZN9WavReader18prefetchNextFramesEv
                0x00000000080054f8       0x2c Release/Audio/wavreader.o
                0x00000000080054f8                WavReader::prefetchNextFrames()
 .text._ZN9WavReader6rewindEb
                0x0000000008005524       0x44 Release/Audio/wavreader.o
                0x0000000008005524                WavReader::rewind(bool)
 .text._ZN9WavReader4openEPvNS_4ModeEb
                0x0000000008005568      0x238 Release/Audio/wavreader.o
                0x0000000008005568                WavReader::open(void*, WavReader::Mode, bool)
 .text._ZN9WavReader19prepareCurrentChunkEv
                0x00000000080057a0       0xb0 Release/Audio/wavreader.o
                0x00000000080057a0                WavReader::prepareCurrentChunk()
 .text._ZN9WavReader19decodeNextPcmFramesEj
                0x0000000008005850       0x5e Release/Audio/wavreader.o
                0x0000000008005850                WavReader::decodeNextPcmFrames(unsigned int)
 .text._ZN9WavReader11decodeToI16EPsjj
                0x00000000080058ae       0xf0 Release/Audio/wavreader.o
                0x00000000080058ae                WavReader::decodeToI16(short*, unsigned int, unsigned int)
 .text._ZN8cc1101_t11IIrqHandlerEv
                0x000000000800599e        0xe Release/Radio/cc1101.o
                0x000000000800599e                cc1101_t::IIrqHandler()
 .text._ZL14PinClockEnablePK12GPIO_TypeDef
                0x00000000080059ac       0xa4 Release/Radio/cc1101.o
 .text._ZL17PinSetupAlterFuncP12GPIO_TypeDeft12PinOutMode_t15PinPullUpDown_t11AlterFunc_t10PinSpeed_t.constprop.0
                0x0000000008005a50       0x78 Release/Radio/cc1101.o
 .text._ZNK5Spi_t13ReadWriteByteEh
                0x0000000008005ac8       0x10 Release/Radio/cc1101.o
                0x0000000008005ac8                Spi_t::ReadWriteByte(unsigned char) const
 .text._ZN8cc1101_t8BusyWaitEv
                0x0000000008005ad8       0x1c Release/Radio/cc1101.o
                0x0000000008005ad8                cc1101_t::BusyWait()
 .text._ZN8cc1101_t4CsHiEv
                0x0000000008005af4        0xc Release/Radio/cc1101.o
                0x0000000008005af4                cc1101_t::CsHi()
 .text._Z12CCIrqHandlerv
                0x0000000008005b00        0xc Release/Radio/cc1101.o
                0x0000000008005b00                CCIrqHandler()
 .text._ZN8cc1101_t8RSSI_dBmEh
                0x0000000008005b0c       0x18 Release/Radio/cc1101.o
                0x0000000008005b0c                cc1101_t::RSSI_dBm(unsigned char)
 .text._ZN8cc1101_t12ReadRegisterEhPh
                0x0000000008005b24       0x56 Release/Radio/cc1101.o
                0x0000000008005b24                cc1101_t::ReadRegister(unsigned char, unsigned char*)
 .text._ZN8cc1101_t13WriteRegisterEhh
                0x0000000008005b7a       0x44 Release/Radio/cc1101.o
                0x0000000008005b7a                cc1101_t::WriteRegister(unsigned char, unsigned char)
 .text._ZN8cc1101_t11WriteStrobeEh
                0x0000000008005bbe       0x46 Release/Radio/cc1101.o
                0x0000000008005bbe                cc1101_t::WriteStrobe(unsigned char)
 .text._ZN8cc1101_t4InitEv
                0x0000000008005c04      0x314 Release/Radio/cc1101.o
                0x0000000008005c04                cc1101_t::Init()
 .text._ZN8cc1101_t10SetChannelEh
                0x0000000008005f18       0x28 Release/Radio/cc1101.o
                0x0000000008005f18                cc1101_t::SetChannel(unsigned char)
 .text._ZN8cc1101_t10SetBitrateEPK12CCRegValue_t
                0x0000000008005f40       0x2e Release/Radio/cc1101.o
                0x0000000008005f40                cc1101_t::SetBitrate(CCRegValue_t const*)
 .text._ZN8cc1101_t7WriteTXEPhh
                0x0000000008005f6e       0x4e Release/Radio/cc1101.o
                0x0000000008005f6e                cc1101_t::WriteTX(unsigned char*, unsigned char)
 .text._ZN8cc1101_t8TransmitEPhh
                0x0000000008005fbc       0x3a Release/Radio/cc1101.o
                0x0000000008005fbc                cc1101_t::Transmit(unsigned char*, unsigned char)
 .text._ZN8cc1101_t8ReadFIFOEPhPah
                0x0000000008005ff6       0x98 Release/Radio/cc1101.o
                0x0000000008005ff6                cc1101_t::ReadFIFO(unsigned char*, signed char*, unsigned char)
 .text._ZN8cc1101_t10Receive_stEmPhhPa
                0x000000000800608e       0x62 Release/Radio/cc1101.o
                0x000000000800608e                cc1101_t::Receive_st(unsigned long, unsigned char*, unsigned char, signed char*)
 .text._ZN5RadioL10TryToSleepEm
                0x00000000080060f0       0x38 Release/Radio/radio_lvl1.o
 .text._ZN8cc1101_t11RecalibrateEv
                0x0000000008006128       0x3e Release/Radio/radio_lvl1.o
                0x0000000008006128                cc1101_t::Recalibrate()
 *fill*         0x0000000008006166        0x2 
 .text._ZL12TryToReceivem.isra.0
                0x0000000008006168       0xac Release/Radio/radio_lvl1.o
 .text._ZN5RadioL11rLvl1ThreadEPv
                0x0000000008006214      0x188 Release/Radio/radio_lvl1.o
 .text._ZN5Radio4InitEv
                0x000000000800639c       0x60 Release/Radio/radio_lvl1.o
                0x000000000800639c                Radio::Init()
 .text.startup._GLOBAL__sub_I_CC
                0x00000000080063fc       0x7c Release/Radio/radio_lvl1.o
 .text._ZL14PinClockEnablePK12GPIO_TypeDef
                0x0000000008006478       0xa4 Release/kl_lib/kl_i2c.o
 .text._ZL17PinSetupAlterFuncP12GPIO_TypeDeft12PinOutMode_t15PinPullUpDown_t11AlterFunc_t10PinSpeed_t.constprop.0
                0x000000000800651c       0x76 Release/kl_lib/kl_i2c.o
 *fill*         0x0000000008006592        0x2 
 .text._ZN5Clk_t12SetI2CClkSrcEP11I2C_TypeDef8i2cClk_t.isra.0
                0x0000000008006594       0x4c Release/kl_lib/kl_i2c.o
 .text._ZN5i2c_t4InitEv
                0x00000000080065e0      0x140 Release/kl_lib/kl_i2c.o
                0x00000000080065e0                i2c_t::Init()
 .text._ZN5i2c_t6IResetEv
                0x0000000008006720       0x2c Release/kl_lib/kl_i2c.o
                0x0000000008006720                i2c_t::IReset()
 .text._ZN5i2c_t9IBusyWaitEv
                0x000000000800674c       0x2a Release/kl_lib/kl_i2c.o
                0x000000000800674c                i2c_t::IBusyWait()
 *fill*         0x0000000008006776        0x2 
 .text._ZN5i2c_t12CheckAddressEm
                0x0000000008006778       0x64 Release/kl_lib/kl_i2c.o
                0x0000000008006778                i2c_t::CheckAddress(unsigned long)
 .text._ZN5i2c_t5WriteEmPhm
                0x00000000080067dc       0xa4 Release/kl_lib/kl_i2c.o
                0x00000000080067dc                i2c_t::Write(unsigned long, unsigned char*, unsigned long)
 .text._ZN5i2c_t9WriteReadEmPhmS0_m
                0x0000000008006880       0xb8 Release/kl_lib/kl_i2c.o
                0x0000000008006880                i2c_t::WriteRead(unsigned long, unsigned char*, unsigned long, unsigned char*, unsigned long)
 .text._ZN5i2c_t7IWakeupEv
                0x0000000008006938       0x22 Release/kl_lib/kl_i2c.o
                0x0000000008006938                i2c_t::IWakeup()
 *fill*         0x000000000800695a        0x2 
 .text._ZN5i2c_t9IServeIRQEm
                0x000000000800695c       0xc0 Release/kl_lib/kl_i2c.o
                0x000000000800695c                i2c_t::IServeIRQ(unsigned long)
 .text._ZN5i2c_t12IServeErrIRQEm
                0x0000000008006a1c       0x3c Release/kl_lib/kl_i2c.o
                0x0000000008006a1c                i2c_t::IServeErrIRQ(unsigned long)
 .text.VectorBC
                0x0000000008006a58       0x2c Release/kl_lib/kl_i2c.o
                0x0000000008006a58                VectorBC
 .text.VectorC0
                0x0000000008006a84       0x2c Release/kl_lib/kl_i2c.o
                0x0000000008006a84                VectorC0
 .text.startup._GLOBAL__sub_I_i2c1
                0x0000000008006ab0       0x1c Release/kl_lib/kl_i2c.o
 .text._ZL16chSysLockFromISRv
                0x0000000008006acc        0xa Release/kl_lib/kl_lib.o
 .text._ZL18chSysUnlockFromISRv
                0x0000000008006ad6        0xe Release/kl_lib/kl_lib.o
 .text._Z13TmrKLCallbackP16ch_virtual_timerPv
                0x0000000008006ae4       0x18 Release/kl_lib/kl_lib.o
                0x0000000008006ae4                TmrKLCallback(ch_virtual_timer*, void*)
 .text._ZL9chSysLockv
                0x0000000008006afc        0xa Release/kl_lib/kl_lib.o
 .text._ZL11chSysUnlockv
                0x0000000008006b06        0xe Release/kl_lib/kl_lib.o
 .text._Z14HashMurmur3_32PKvmm
                0x0000000008006b14       0xa4 Release/kl_lib/kl_lib.o
                0x0000000008006b14                HashMurmur3_32(void const*, unsigned long, unsigned long)
 .text._Z11GetUniqID32v
                0x0000000008006bb8       0x2c Release/kl_lib/kl_lib.o
                0x0000000008006bb8                GetUniqID32()
 .text._Z15PrintMemoryInfov
                0x0000000008006be4       0x30 Release/kl_lib/kl_lib.o
                0x0000000008006be4                PrintMemoryInfo()
 .text._sbrk    0x0000000008006c14       0x30 Release/kl_lib/kl_lib.o
                0x0000000008006c14                _sbrk
 .text._ZN6Random8TrueInitEv
                0x0000000008006c44       0x2c Release/kl_lib/kl_lib.o
                0x0000000008006c44                Random::TrueInit()
 .text._ZN6Random10TrueDeinitEv
                0x0000000008006c70       0x28 Release/kl_lib/kl_lib.o
                0x0000000008006c70                Random::TrueDeinit()
 .text._ZN6Random12SeedWithTrueEv
                0x0000000008006c98       0x10 Release/kl_lib/kl_lib.o
                0x0000000008006c98                Random::SeedWithTrue()
 .text._ZNK7Timer_t4InitEv
                0x0000000008006ca8      0x18c Release/kl_lib/kl_lib.o
                0x0000000008006ca8                Timer_t::Init() const
 .text._ZNK14PinOutputPWM_t4InitEv
                0x0000000008006e34      0x264 Release/kl_lib/kl_lib.o
                0x0000000008006e34                PinOutputPWM_t::Init() const
 .text.PrintErrMsg
                0x0000000008007098       0x24 Release/kl_lib/kl_lib.o
                0x0000000008007098                PrintErrMsg
 .text.HardFault_Handler
                0x00000000080070bc       0x10 Release/kl_lib/kl_lib.o
                0x00000000080070bc                HardFault_Handler
 .text.Vector58
                0x00000000080070cc       0x44 Release/kl_lib/kl_lib.o
                0x00000000080070cc                Vector58
 .text.Vector5C
                0x0000000008007110       0x44 Release/kl_lib/kl_lib.o
                0x0000000008007110                Vector5C
 .text.Vector60
                0x0000000008007154       0x44 Release/kl_lib/kl_lib.o
                0x0000000008007154                Vector60
 .text.Vector64
                0x0000000008007198       0x44 Release/kl_lib/kl_lib.o
                0x0000000008007198                Vector64
 .text.Vector68
                0x00000000080071dc       0x44 Release/kl_lib/kl_lib.o
                0x00000000080071dc                Vector68
 .text.Vector9C
                0x0000000008007220       0x44 Release/kl_lib/kl_lib.o
                0x0000000008007220                Vector9C
 .text.VectorE0
                0x0000000008007264       0x44 Release/kl_lib/kl_lib.o
                0x0000000008007264                VectorE0
 .text._ZN5Clk_t11GetSysClkHzEv
                0x00000000080072a8       0x88 Release/kl_lib/kl_lib.o
                0x00000000080072a8                Clk_t::GetSysClkHz()
 .text._ZN5Clk_t16UpdateFreqValuesEv
                0x0000000008007330       0x8c Release/kl_lib/kl_lib.o
                0x0000000008007330                Clk_t::UpdateFreqValues()
 .text._ZN5Clk_t10PrintFreqsEv
                0x00000000080073bc       0x24 Release/kl_lib/kl_lib.o
                0x00000000080073bc                Clk_t::PrintFreqs()
 .text._ZN5Clk_t15GetTimInputFreqEP11TIM_TypeDef
                0x00000000080073e0       0x64 Release/kl_lib/kl_lib.o
                0x00000000080073e0                Clk_t::GetTimInputFreq(TIM_TypeDef*)
 .text._ZNK7Timer_t35SetUpdateFrequencyChangingPrescalerEm
                0x0000000008007444       0x2c Release/kl_lib/kl_lib.o
                0x0000000008007444                Timer_t::SetUpdateFrequencyChangingPrescaler(unsigned long) const
 .text._ZN5Clk_t16SetupBusDividersE8AHBDiv_t8APBDiv_tS1_
                0x0000000008007470       0x24 Release/kl_lib/kl_lib.o
                0x0000000008007470                Clk_t::SetupBusDividers(AHBDiv_t, APBDiv_t, APBDiv_t)
 .text._ZN5Clk_t17SetupFlashLatencyEh14MCUVoltRange_t
                0x0000000008007494       0x60 Release/kl_lib/kl_lib.o
                0x0000000008007494                Clk_t::SetupFlashLatency(unsigned char, MCUVoltRange_t)
 .text._ZN5Clk_t15SetVoltageRangeE14MCUVoltRange_t
                0x00000000080074f4       0x1c Release/kl_lib/kl_lib.o
                0x00000000080074f4                Clk_t::SetVoltageRange(MCUVoltRange_t)
 .text._ZN5Clk_t6SetupMEm
                0x0000000008007510       0x20 Release/kl_lib/kl_lib.o
                0x0000000008007510                Clk_t::SetupM(unsigned long)
 .text._ZN5Clk_t11SetupPllSrcE8PllSrc_t
                0x0000000008007530       0x14 Release/kl_lib/kl_lib.o
                0x0000000008007530                Clk_t::SetupPllSrc(PllSrc_t)
 .text._ZN5Clk_t8SetupPllEmmm
                0x0000000008007544       0x50 Release/kl_lib/kl_lib.o
                0x0000000008007544                Clk_t::SetupPll(unsigned long, unsigned long, unsigned long)
 .text._ZN5Clk_t9EnableHSIEv
                0x0000000008007594       0x24 Release/kl_lib/kl_lib.o
                0x0000000008007594                Clk_t::EnableHSI()
 .text._ZN5Clk_t9EnablePLLEv
                0x00000000080075b8       0x24 Release/kl_lib/kl_lib.o
                0x00000000080075b8                Clk_t::EnablePLL()
 .text._ZN5Clk_t11SwitchToPLLEv
                0x00000000080075dc       0x1c Release/kl_lib/kl_lib.o
                0x00000000080075dc                Clk_t::SwitchToPLL()
 .text._ZNK5Spi_t5SetupE10BitOrder_t6CPOL_t6CPHA_tl11BitNumber_t
                0x00000000080075f8      0x100 Release/kl_lib/kl_lib.o
                0x00000000080075f8                Spi_t::Setup(BitOrder_t, CPOL_t, CPHA_t, long, BitNumber_t) const
 .text.VectorCC
                0x00000000080076f8       0x34 Release/kl_lib/kl_lib.o
                0x00000000080076f8                VectorCC
 .text.VectorD0
                0x000000000800772c       0x34 Release/kl_lib/kl_lib.o
                0x000000000800772c                VectorD0
 .text.Vector10C
                0x0000000008007760       0x34 Release/kl_lib/kl_lib.o
                0x0000000008007760                Vector10C
 .text._ZN7TmrKL_t6StartIEv
                0x0000000008007794       0x4c Release/kl_lib/kl_lib.o
                0x0000000008007794                TmrKL_t::StartI()
 .text._ZN7TmrKL_t11IIrqHandlerEv
                0x00000000080077e0       0x34 Release/kl_lib/kl_lib.o
                0x00000000080077e0                TmrKL_t::IIrqHandler()
 .text._ZN3Str7CmpCaseEPKcS1_
                0x0000000008007814       0x44 Release/kl_lib/kl_string.o
                0x0000000008007814                Str::CmpCase(char const*, char const*)
 .text._ZN3Str6TokensEPcPKcPS0_
                0x0000000008007858       0x4c Release/kl_lib/kl_string.o
                0x0000000008007858                Str::Tokens(char*, char const*, char**)
 .text._ZN3Str3LenEPKc
                0x00000000080078a4       0x14 Release/kl_lib/kl_string.o
                0x00000000080078a4                Str::Len(char const*)
 .text._ZN12PrintfHelper8IPutUintEmmmc
                0x00000000080078b8       0x70 Release/kl_lib/shell.o
                0x00000000080078b8                PrintfHelper::IPutUint(unsigned long, unsigned long, unsigned long, char)
 .text._ZN12PrintfHelper9IVsPrintfEPKcSt9__va_list
                0x0000000008007928      0x1a8 Release/kl_lib/shell.o
                0x0000000008007928                PrintfHelper::IVsPrintf(char const*, std::__va_list)
 .text._Z6PrintfPKcz
                0x0000000008007ad0       0x3c Release/kl_lib/shell.o
                0x0000000008007ad0                Printf(char const*, ...)
 .text._Z7PrintfIPKcz
                0x0000000008007b0c       0x20 Release/kl_lib/shell.o
                0x0000000008007b0c                PrintfI(char const*, ...)
 .text.PrintfC  0x0000000008007b2c       0x20 Release/kl_lib/shell.o
                0x0000000008007b2c                PrintfC
 .text._ZN7CmdUart10OnUartIrqIEm
                0x0000000008007b4c       0x68 Release/kl_lib/uart.o
                0x0000000008007b4c                CmdUart::OnUartIrqI(unsigned long)
 .text._ZL17PinSetupAlterFuncP12GPIO_TypeDeft12PinOutMode_t15PinPullUpDown_t11AlterFunc_t10PinSpeed_t.constprop.0
                0x0000000008007bb4      0x128 Release/kl_lib/uart.o
 .text.VectorD4
                0x0000000008007cdc       0x48 Release/kl_lib/uart.o
                0x0000000008007cdc                VectorD4
 .text.VectorD8
                0x0000000008007d24       0x48 Release/kl_lib/uart.o
                0x0000000008007d24                VectorD8
 .text.VectorDC
                0x0000000008007d6c       0x48 Release/kl_lib/uart.o
                0x0000000008007d6c                VectorDC
 .text.Vector110
                0x0000000008007db4       0x48 Release/kl_lib/uart.o
                0x0000000008007db4                Vector110
 .text.Vector114
                0x0000000008007dfc       0x48 Release/kl_lib/uart.o
                0x0000000008007dfc                Vector114
 .text._ZN10BaseUart_t11ISendViaDMAEv
                0x0000000008007e44       0x54 Release/kl_lib/uart.o
                0x0000000008007e44                BaseUart_t::ISendViaDMA()
 .text._ZN10BaseUart_t15IRQDmaTxHandlerEv
                0x0000000008007e98       0x44 Release/kl_lib/uart.o
                0x0000000008007e98                BaseUart_t::IRQDmaTxHandler()
 .text.DmaUartTxIrq
                0x0000000008007edc        0x4 Release/kl_lib/uart.o
                0x0000000008007edc                DmaUartTxIrq
 .text._ZN10BaseUart_t8IPutByteEh
                0x0000000008007ee0       0x40 Release/kl_lib/uart.o
                0x0000000008007ee0                BaseUart_t::IPutByte(unsigned char)
 .text._ZN7CmdUart8IPutCharEc
                0x0000000008007f20        0xa Release/kl_lib/uart.o
                0x0000000008007f20                CmdUart::IPutChar(char)
                0x0000000008007f24                non-virtual thunk to CmdUart::IPutChar(char)
 .text._ZN10BaseUart_t26IStartTransmissionIfNotYetEv
                0x0000000008007f2a        0xc Release/kl_lib/uart.o
                0x0000000008007f2a                BaseUart_t::IStartTransmissionIfNotYet()
 .text._ZN7CmdUart26IStartTransmissionIfNotYetEv
                0x0000000008007f36        0xa Release/kl_lib/uart.o
                0x0000000008007f36                CmdUart::IStartTransmissionIfNotYet()
                0x0000000008007f3a                non-virtual thunk to CmdUart::IStartTransmissionIfNotYet()
 .text._ZN10BaseUart_t7GetByteEPh
                0x0000000008007f40       0x3e Release/kl_lib/uart.o
                0x0000000008007f40                BaseUart_t::GetByte(unsigned char*)
 *fill*         0x0000000008007f7e        0x2 
 .text._ZN10BaseUart_t11OnClkChangeEv
                0x0000000008007f80       0x60 Release/kl_lib/uart.o
                0x0000000008007f80                BaseUart_t::OnClkChange()
 .text._ZN10BaseUart_t4InitEv
                0x0000000008007fe0      0x278 Release/kl_lib/uart.o
                0x0000000008007fe0                BaseUart_t::Init()
 .text.st_lld_init
                0x0000000008008258       0x60 Release/os/hal/hal_st_lld.o
                0x0000000008008258                st_lld_init
 .text.st_lld_serve_interrupt
                0x00000000080082b8       0x34 Release/os/hal/hal_st_lld.o
                0x00000000080082b8                st_lld_serve_interrupt
 .text.Vector108
                0x00000000080082ec       0x16 Release/os/hal/hal_st_lld.o
                0x00000000080082ec                Vector108
 *fill*         0x0000000008008302        0x2 
 .text._ZN3ini10ReadStringEPKcS1_S1_PPc
                0x0000000008008304      0x174 Release/sd/ini_kl.o
                0x0000000008008304                ini::ReadString(char const*, char const*, char const*, char**)
 .text._ZN3ini9ReadInt32EPKcS1_S1_Pl
                0x0000000008008478       0x2a Release/sd/ini_kl.o
                0x0000000008008478                ini::ReadInt32(char const*, char const*, char const*, long*)
 *fill*         0x00000000080084a2        0x2 
 .text._Z15TryOpenFileReadPKcP3FIL
                0x00000000080084a4       0x48 Release/sd/kl_fs_utils.o
                0x00000000080084a4                TryOpenFileRead(char const*, FIL*)
 .text._ZN4sd_t4InitEv
                0x00000000080084ec      0x2ac Release/sd/kl_sd.o
                0x00000000080084ec                sd_t::Init()
 .text.SDSignalError
                0x0000000008008798       0x1c Release/sd/kl_sd.o
                0x0000000008008798                SDSignalError
 .text.sdc_lld_is_card_inserted
                0x00000000080087b4        0x4 Release/sd/kl_sd.o
                0x00000000080087b4                sdc_lld_is_card_inserted
 .text.sdc_lld_is_write_protected
                0x00000000080087b8        0x4 Release/sd/kl_sd.o
                0x00000000080087b8                sdc_lld_is_write_protected
 .text._ZdlPvj  0x00000000080087bc        0x4 c:/yastudio/arm-none-eabi-gcc/bin/../lib/gcc/arm-none-eabi/11.3.1/../../../../arm-none-eabi/lib/thumb/v7e-m+fp/hard\libstdc++_nano.a(del_ops.o)
                0x00000000080087bc                operator delete(void*, unsigned int)
 .text._ZdlPv   0x00000000080087c0        0x4 c:/yastudio/arm-none-eabi-gcc/bin/../lib/gcc/arm-none-eabi/11.3.1/../../../../arm-none-eabi/lib/thumb/v7e-m+fp/hard\libstdc++_nano.a(del_op.o)
                0x00000000080087c0                operator delete(void*)
 .text.__udivmoddi4
                0x00000000080087c4      0x2c8 c:/yastudio/arm-none-eabi-gcc/bin/../lib/gcc/arm-none-eabi/11.3.1/thumb/v7e-m+fp/hard\libgcc.a(_udivmoddi4.o)
                0x00000000080087c4                __udivmoddi4
 .text.malloc   0x0000000008008a8c       0x10 c:/yastudio/arm-none-eabi-gcc/bin/../lib/gcc/arm-none-eabi/11.3.1/../../../../arm-none-eabi/lib/thumb/v7e-m+fp/hard\libc_nano.a(libc_a-malloc.o)
                0x0000000008008a8c                malloc
 .text.free     0x0000000008008a9c       0x10 c:/yastudio/arm-none-eabi-gcc/bin/../lib/gcc/arm-none-eabi/11.3.1/../../../../arm-none-eabi/lib/thumb/v7e-m+fp/hard\libc_nano.a(libc_a-malloc.o)
                0x0000000008008a9c                free
 .text.sbrk_aligned
                0x0000000008008aac       0x40 c:/yastudio/arm-none-eabi-gcc/bin/../lib/gcc/arm-none-eabi/11.3.1/../../../../arm-none-eabi/lib/thumb/v7e-m+fp/hard\libc_nano.a(libc_a-mallocr.o)
 .text._malloc_r
                0x0000000008008aec       0xec c:/yastudio/arm-none-eabi-gcc/bin/../lib/gcc/arm-none-eabi/11.3.1/../../../../arm-none-eabi/lib/thumb/v7e-m+fp/hard\libc_nano.a(libc_a-mallocr.o)
                0x0000000008008aec                _malloc_r
 .text.__malloc_lock
                0x0000000008008bd8        0xc c:/yastudio/arm-none-eabi-gcc/bin/../lib/gcc/arm-none-eabi/11.3.1/../../../../arm-none-eabi/lib/thumb/v7e-m+fp/hard\libc_nano.a(libc_a-mlock.o)
                0x0000000008008bd8                __malloc_lock
 .text.__malloc_unlock
                0x0000000008008be4        0xc c:/yastudio/arm-none-eabi-gcc/bin/../lib/gcc/arm-none-eabi/11.3.1/../../../../arm-none-eabi/lib/thumb/v7e-m+fp/hard\libc_nano.a(libc_a-mlock.o)
                0x0000000008008be4                __malloc_unlock
 .text.mallinfo
                0x0000000008008bf0       0x14 c:/yastudio/arm-none-eabi-gcc/bin/../lib/gcc/arm-none-eabi/11.3.1/../../../../arm-none-eabi/lib/thumb/v7e-m+fp/hard\libc_nano.a(libc_a-mstats.o)
                0x0000000008008bf0                mallinfo
 .text._strtol_l.constprop.0
                0x0000000008008c04      0x104 c:/yastudio/arm-none-eabi-gcc/bin/../lib/gcc/arm-none-eabi/11.3.1/../../../../arm-none-eabi/lib/thumb/v7e-m+fp/hard\libc_nano.a(libc_a-strtol.o)
 .text.strtol   0x0000000008008d08       0x14 c:/yastudio/arm-none-eabi-gcc/bin/../lib/gcc/arm-none-eabi/11.3.1/../../../../arm-none-eabi/lib/thumb/v7e-m+fp/hard\libc_nano.a(libc_a-strtol.o)
                0x0000000008008d08                strtol
 .text.memcmp   0x0000000008008d1c       0x20 c:/yastudio/arm-none-eabi-gcc/bin/../lib/gcc/arm-none-eabi/11.3.1/../../../../arm-none-eabi/lib/thumb/v7e-m+fp/hard\libc_nano.a(libc_a-memcmp.o)
                0x0000000008008d1c                memcmp
 .text.memset   0x0000000008008d3c       0x10 c:/yastudio/arm-none-eabi-gcc/bin/../lib/gcc/arm-none-eabi/11.3.1/../../../../arm-none-eabi/lib/thumb/v7e-m+fp/hard\libc_nano.a(libc_a-memset.o)
                0x0000000008008d3c                memset
 .text.strchr   0x0000000008008d4c       0x1a c:/yastudio/arm-none-eabi-gcc/bin/../lib/gcc/arm-none-eabi/11.3.1/../../../../arm-none-eabi/lib/thumb/v7e-m+fp/hard\libc_nano.a(libc_a-strchr.o)
                0x0000000008008d4c                strchr
 .text.strncmp  0x0000000008008d66       0x24 c:/yastudio/arm-none-eabi-gcc/bin/../lib/gcc/arm-none-eabi/11.3.1/../../../../arm-none-eabi/lib/thumb/v7e-m+fp/hard\libc_nano.a(libc_a-strncmp.o)
                0x0000000008008d66                strncmp
 *fill*         0x0000000008008d8a        0x2 
 .text._sbrk_r  0x0000000008008d8c       0x20 c:/yastudio/arm-none-eabi-gcc/bin/../lib/gcc/arm-none-eabi/11.3.1/../../../../arm-none-eabi/lib/thumb/v7e-m+fp/hard\libc_nano.a(libc_a-sbrkr.o)
                0x0000000008008d8c                _sbrk_r
 .text.__errno  0x0000000008008dac        0xc c:/yastudio/arm-none-eabi-gcc/bin/../lib/gcc/arm-none-eabi/11.3.1/../../../../arm-none-eabi/lib/thumb/v7e-m+fp/hard\libc_nano.a(libc_a-errno.o)
                0x0000000008008dac                __errno
 .text.__retarget_lock_acquire_recursive
                0x0000000008008db8        0x2 c:/yastudio/arm-none-eabi-gcc/bin/../lib/gcc/arm-none-eabi/11.3.1/../../../../arm-none-eabi/lib/thumb/v7e-m+fp/hard\libc_nano.a(libc_a-lock.o)
                0x0000000008008db8                __retarget_lock_acquire_recursive
 .text.__retarget_lock_release_recursive
                0x0000000008008dba        0x2 c:/yastudio/arm-none-eabi-gcc/bin/../lib/gcc/arm-none-eabi/11.3.1/../../../../arm-none-eabi/lib/thumb/v7e-m+fp/hard\libc_nano.a(libc_a-lock.o)
                0x0000000008008dba                __retarget_lock_release_recursive
 .text.memcpy   0x0000000008008dbc       0x1c c:/yastudio/arm-none-eabi-gcc/bin/../lib/gcc/arm-none-eabi/11.3.1/../../../../arm-none-eabi/lib/thumb/v7e-m+fp/hard\libc_nano.a(libc_a-memcpy-stub.o)
                0x0000000008008dbc                memcpy
 .text._free_r  0x0000000008008dd8       0x98 c:/yastudio/arm-none-eabi-gcc/bin/../lib/gcc/arm-none-eabi/11.3.1/../../../../arm-none-eabi/lib/thumb/v7e-m+fp/hard\libc_nano.a(libc_a-freer.o)
                0x0000000008008dd8                _free_r
 .text._mallinfo_r
                0x0000000008008e70       0x68 c:/yastudio/arm-none-eabi-gcc/bin/../lib/gcc/arm-none-eabi/11.3.1/../../../../arm-none-eabi/lib/thumb/v7e-m+fp/hard\libc_nano.a(libc_a-mallinfor.o)
                0x0000000008008e70                _mallinfo_r
 *(.glue_7t)
 .glue_7t       0x0000000008008ed8        0x0 linker stubs
 *(.glue_7)
 .glue_7        0x0000000008008ed8        0x0 linker stubs
 *(.gcc*)
                0x0000000008008ed8                __text_end__ = .

.vfp11_veneer   0x0000000008008ed8        0x0
 .vfp11_veneer  0x0000000008008ed8        0x0 linker stubs

.v4_bx          0x0000000008008ed8        0x0
 .v4_bx         0x0000000008008ed8        0x0 linker stubs

.iplt           0x0000000008008ed8        0x0
 .iplt          0x0000000008008ed8        0x0 Release/os/hal/crt1.o

.rodata         0x0000000008008ed8     0x2fb0
                0x0000000008008ed8                __rodata_base__ = .
 *(.rodata)
 *(.rodata.*)
 .rodata.ram_areas
                0x0000000008008ed8       0x80 Release/os/hal/crt1.o
 .rodata.__func__.1
                0x0000000008008f58       0x10 Release/os/hal/stm32_dma.o
 .rodata._stm32_dma_streams
                0x0000000008008f68      0x118 Release/os/hal/stm32_dma.o
                0x0000000008008f68                _stm32_dma_streams
 .rodata.__dbg_check_lock.str1.1
                0x0000000008009080        0x5 Release/os/src/chdebug.o
 .rodata.__dbg_check_unlock.str1.1
                0x0000000008009085        0x5 Release/os/src/chdebug.o
 .rodata.__dbg_check_lock_from_isr.str1.1
                0x000000000800908a        0x5 Release/os/src/chdebug.o
 .rodata.__dbg_check_unlock_from_isr.str1.1
                0x000000000800908f        0x5 Release/os/src/chdebug.o
 .rodata.__dbg_check_enter_isr.str1.1
                0x0000000008009094        0x5 Release/os/src/chdebug.o
 .rodata.__dbg_check_leave_isr.str1.1
                0x0000000008009099        0x5 Release/os/src/chdebug.o
 .rodata.chDbgCheckClassI.str1.1
                0x000000000800909e        0x6 Release/os/src/chdebug.o
 .rodata.chDbgCheckClassS.str1.1
                0x00000000080090a4        0x6 Release/os/src/chdebug.o
 .rodata.chInstanceObjectInit.str1.1
                0x00000000080090aa        0xa Release/os/src/chinstances.o
 .rodata.chSchGoSleepS.str1.1
                0x00000000080090b4        0xf Release/os/src/chschd.o
 .rodata.__func__.0
                0x00000000080090c3        0xc Release/os/src/chschd.o
 .rodata.__func__.2
                0x00000000080090cf        0xd Release/os/src/chsem.o
 .rodata.__func__.3
                0x00000000080090dc        0xc Release/os/src/chsem.o
 .rodata.__func__.4
                0x00000000080090e8       0x12 Release/os/src/chsem.o
 .rodata.__func__.6
                0x00000000080090fa       0x17 Release/os/src/chsem.o
 .rodata.__func__.7
                0x0000000008009111       0x10 Release/os/src/chsem.o
 .rodata.str1.1
                0x0000000008009121        0x3 Release/os/src/chsys.o
 .rodata.ch_core0_cfg
                0x0000000008009124       0x14 Release/os/src/chsys.o
                0x0000000008009124                ch_core0_cfg
 .rodata.__func__.0
                0x0000000008009138        0xc Release/os/src/chthreads.o
 .rodata.__func__.2
                0x0000000008009144       0x12 Release/os/src/chthreads.o
 .rodata.__func__.3
                0x0000000008009156       0x16 Release/os/src/chthreads.o
 .rodata.__func__.0
                0x000000000800916c        0xd Release/os/src/chvt.o
 .rodata.__func__.2
                0x0000000008009179        0xb Release/os/src/chvt.o
 .rodata.__func__.5
                0x0000000008009184       0x18 Release/os/stm32L4xx/hal_mmcsd.o
 .rodata.__func__.6
                0x000000000800919c       0x14 Release/os/stm32L4xx/hal_mmcsd.o
 .rodata.__func__.7
                0x00000000080091b0       0x11 Release/os/stm32L4xx/hal_mmcsd.o
 .rodata.__func__.1
                0x00000000080091c1        0xb Release/os/stm32L4xx/hal_sdc.o
 .rodata.__func__.2
                0x00000000080091cc        0x8 Release/os/stm32L4xx/hal_sdc.o
 .rodata.__func__.4
                0x00000000080091d4        0x9 Release/os/stm32L4xx/hal_sdc.o
 .rodata.__func__.5
                0x00000000080091dd        0x8 Release/os/stm32L4xx/hal_sdc.o
 .rodata.__func__.6
                0x00000000080091e5        0xe Release/os/stm32L4xx/hal_sdc.o
 .rodata.__func__.7
                0x00000000080091f3        0xb Release/os/stm32L4xx/hal_sdc.o
 .rodata.__func__.9
                0x00000000080091fe        0x9 Release/os/stm32L4xx/hal_sdc.o
 *fill*         0x0000000008009207        0x1 
 .rodata.sdc_vmt
                0x0000000008009208       0x24 Release/os/stm32L4xx/hal_sdc.o
 .rodata.__func__.0
                0x000000000800922c       0x16 Release/os/stm32L4xx/hal_sdc_lld.o
 .rodata.__func__.1
                0x0000000008009242       0x15 Release/os/stm32L4xx/hal_sdc_lld.o
 .rodata.__func__.2
                0x0000000008009257       0x1b Release/os/stm32L4xx/hal_sdc_lld.o
 .rodata.sdc_default_cfg
                0x0000000008009272        0x1 Release/os/stm32L4xx/hal_sdc_lld.o
 *fill*         0x0000000008009273        0x1 
 .rodata.Tbl    0x0000000008009274      0x100 Release/sd/ccsbcs.o
 .rodata.tbl_lower.1
                0x0000000008009374      0x1e0 Release/sd/ccsbcs.o
 .rodata.tbl_upper.0
                0x0000000008009554      0x1e0 Release/sd/ccsbcs.o
 .rodata.follow_path.str1.1
                0x0000000008009734       0x10 Release/sd/ff.o
 .rodata.ExCvt  0x0000000008009744       0x80 Release/sd/ff.o
 .rodata.LfnOfs
                0x00000000080097c4        0xd Release/sd/ff.o
 .rodata._ZN6Config9PrintTypeEv.str1.1
                0x00000000080097d1       0x40 Release/App.o
 .rodata._ZN6Config10PrintTxPwrEv.str1.1
                0x0000000008009811       0x5b Release/App.o
                                         0x60 (size before relaxing)
 .rodata._ZN3App5OnCmdEP5Shell.str1.1
                0x000000000800986c       0x6f Release/App.o
 .rodata._ZN3AppL8SetStateE7DevType.str1.1
                0x00000000080098db       0x20 Release/App.o
 .rodata._ZN3App12ProcessRxTblER7RxTable.str1.1
                0x00000000080098fb       0x19 Release/App.o
 .rodata.CSWTCH.103
                0x0000000008009914        0x3 Release/App.o
 .rodata._ZL9kPwrTable
                0x0000000008009917        0xc Release/App.o
 .rodata._Z6Resumev.str1.1
                0x0000000008009923        0x8 Release/main.o
 .rodata._Z7Standbyv.str1.1
                0x000000000800992b        0x9 Release/main.o
 .rodata._Z5OnCmdP5Shell.str1.1
                0x0000000008009934       0x34 Release/main.o
                                         0x43 (size before relaxing)
 .rodata._Z5ITaskv.str1.1
                0x0000000008009968        0x9 Release/main.o
 .rodata.main.str1.1
                0x0000000008009971       0x41 Release/main.o
 .rodata._GLOBAL__sub_I_OsIsInitialized.str1.1
                0x00000000080099b2        0x3 Release/main.o
 *fill*         0x00000000080099b5        0x3 
 .rodata._ZTV8LedRGB_t
                0x00000000080099b8       0x18 Release/main.o
                0x00000000080099b8                vtable for LedRGB_t
 .rodata.str1.1
                0x00000000080099d0       0x16 Release/version.o
 .rodata._Z12SeekCallbackPvj.str1.1
                0x00000000080099e6        0xc Release/Audio/AuPlayer.o
 .rodata._ZN10AuPlayer_t18IPrepareToPlayNextEPKc10PlayMode_t.str1.1
                0x00000000080099f2       0x19 Release/Audio/AuPlayer.o
 .rodata._ZN9CS42L52_t4InitEv.str1.1
                0x0000000008009a0b       0x19 Release/Audio/CS42L52.o
 .rodata._ZL12cosine_table
                0x0000000008009a24     0x2002 Release/Audio/cosine.o
 .rodata._ZN9WavReader4openEPvNS_4ModeEb.str1.1
                0x000000000800ba26       0x1e Release/Audio/wavreader.o
 .rodata._ZN9WavReader19prepareCurrentChunkEv.str1.1
                0x000000000800ba44        0x5 Release/Audio/wavreader.o
 .rodata._ZN8cc1101_t4InitEv.str1.1
                0x000000000800ba49       0x44 Release/Radio/cc1101.o
 *fill*         0x000000000800ba8d        0x3 
 .rodata._ZTV8cc1101_t
                0x000000000800ba90        0xc Release/Radio/cc1101.o
                0x000000000800ba90                vtable for cc1101_t
 .rodata._ZL13CCBitrate500k
                0x000000000800ba9c       0x28 Release/Radio/radio_lvl1.o
 .rodata._ZN5i2c_t12CheckAddressEm.str1.1
                0x000000000800bac4       0x14 Release/kl_lib/kl_i2c.o
 .rodata._ZN5i2c_t5WriteEmPhm.str1.1
                0x000000000800bad8        0xb Release/kl_lib/kl_i2c.o
 .rodata._ZN5i2c_t9WriteReadEmPhmS0_m.str1.1
                0x000000000800bae3        0xc Release/kl_lib/kl_i2c.o
 .rodata._ZN5i2c_t9IServeIRQEm.str1.1
                0x000000000800baef       0x10 Release/kl_lib/kl_i2c.o
 .rodata._ZN5i2c_t12IServeErrIRQEm.str1.1
                0x000000000800baff        0xd Release/kl_lib/kl_i2c.o
 .rodata._ZL10I2C1Params
                0x000000000800bb0c       0x1c Release/kl_lib/kl_i2c.o
 .rodata._Z15PrintMemoryInfov.str1.1
                0x000000000800bb28       0xd4 Release/kl_lib/kl_lib.o
 .rodata.HardFault_Handler.str1.1
                0x000000000800bbfc        0xc Release/kl_lib/kl_lib.o
 .rodata.Vector58.str1.1
                0x000000000800bc08       0x17 Release/kl_lib/kl_lib.o
 .rodata.Vector5C.str1.1
                0x000000000800bc1f        0x9 Release/kl_lib/kl_lib.o
 .rodata.Vector60.str1.1
                0x000000000800bc28        0x9 Release/kl_lib/kl_lib.o
 .rodata.Vector64.str1.1
                0x000000000800bc31        0x9 Release/kl_lib/kl_lib.o
 .rodata.Vector68.str1.1
                0x000000000800bc3a        0x9 Release/kl_lib/kl_lib.o
 .rodata.Vector9C.str1.1
                0x000000000800bc43        0x9 Release/kl_lib/kl_lib.o
 .rodata.VectorE0.str1.1
                0x000000000800bc4c        0x9 Release/kl_lib/kl_lib.o
 .rodata._ZN5Clk_t10PrintFreqsEv.str1.1
                0x000000000800bc55       0x2f Release/kl_lib/kl_lib.o
 .rodata.AHBPrescTable
                0x000000000800bc84       0x10 Release/kl_lib/kl_lib.o
                0x000000000800bc84                AHBPrescTable
 .rodata.APBPrescTable
                0x000000000800bc94        0x8 Release/kl_lib/kl_lib.o
                0x000000000800bc94                APBPrescTable
 .rodata.MSIRangeTable
                0x000000000800bc9c       0x30 Release/kl_lib/kl_lib.o
                0x000000000800bc9c                MSIRangeTable
 .rodata._ZTV7TmrKL_t
                0x000000000800bccc        0xc Release/kl_lib/kl_lib.o
                0x000000000800bccc                vtable for TmrKL_t
 .rodata._ZTV7CmdUart
                0x000000000800bcd8       0x24 Release/kl_lib/uart.o
                0x000000000800bcd8                vtable for CmdUart
 .rodata._ZN3ini10ReadStringEPKcS1_S1_PPc.str1.1
                0x000000000800bcfc       0x1b Release/sd/ini_kl.o
 .rodata._Z15TryOpenFileReadPKcP3FIL.str1.1
                0x000000000800bd17       0x32 Release/sd/kl_fs_utils.o
 .rodata._ZN4sd_t4InitEv.str1.1
                0x000000000800bd49       0x33 Release/sd/kl_sd.o
                                         0x34 (size before relaxing)
 .rodata.SDSignalError.str1.1
                0x000000000800bd7c        0xa Release/sd/kl_sd.o
 .rodata._ctype_
                0x000000000800bd86      0x101 c:/yastudio/arm-none-eabi-gcc/bin/../lib/gcc/arm-none-eabi/11.3.1/../../../../arm-none-eabi/lib/thumb/v7e-m+fp/hard\libc_nano.a(libc_a-ctype_.o)
                0x000000000800bd86                _ctype_
                0x000000000800be88                . = ALIGN (0x4)
 *fill*         0x000000000800be87        0x1 
                0x000000000800be88                __rodata_end__ = .

.ARM.extab
 *(.ARM.extab* .gnu.linkonce.armextab.*)

.ARM.exidx      0x000000000800be88        0x8
                0x000000000800be88                __exidx_base__ = .
                0x000000000800be88                __exidx_start = .
 *(.ARM.exidx* .gnu.linkonce.armexidx.*)
 .ARM.exidx.text.__udivmoddi4
                0x000000000800be88        0x8 c:/yastudio/arm-none-eabi-gcc/bin/../lib/gcc/arm-none-eabi/11.3.1/thumb/v7e-m+fp/hard\libgcc.a(_udivmoddi4.o)
                0x000000000800be90                __exidx_end__ = .
                0x000000000800be90                __exidx_end = .

.rel.dyn        0x000000000800be90        0x0
 .rel.iplt      0x000000000800be90        0x0 Release/os/hal/crt1.o

.eh_frame_hdr
 *(.eh_frame_hdr)

.eh_frame
 *(.eh_frame)

.data           0x0000000020001000       0x68 load address 0x000000000800be90
                [!provide]                        PROVIDE (_textdata = LOADADDR (.data))
                [!provide]                        PROVIDE (_data = .)
                0x000000000800be90                __textdata_base__ = LOADADDR (.data)
                0x0000000020001000                __data_base__ = .
 *(.data)
 *(.data.*)
 .data._ZN3App9quorum_szE
                0x0000000020001000        0x4 Release/App.o
                0x0000000020001000                App::quorum_sz
 .data._ZN6RandomL4nextE
                0x0000000020001004        0x4 Release/App.o
 .data.kBuildTime
                0x0000000020001008        0x4 Release/version.o
                0x0000000020001008                kBuildTime
 .data._ZL8curr_tbl
                0x000000002000100c        0x4 Release/Radio/radio_lvl1.o
 .data._ZN6RandomL4nextE
                0x0000000020001010        0x4 Release/Radio/radio_lvl1.o
 .data._ZZ5_sbrkE11current_end
                0x0000000020001014        0x4 Release/kl_lib/kl_lib.o
 .data._impure_data
                0x0000000020001018       0x4c c:/yastudio/arm-none-eabi-gcc/bin/../lib/gcc/arm-none-eabi/11.3.1/../../../../arm-none-eabi/lib/thumb/v7e-m+fp/hard\libc_nano.a(libc_a-impure.o)
                0x0000000020001018                _impure_data
 .data._impure_ptr
                0x0000000020001064        0x4 c:/yastudio/arm-none-eabi-gcc/bin/../lib/gcc/arm-none-eabi/11.3.1/../../../../arm-none-eabi/lib/thumb/v7e-m+fp/hard\libc_nano.a(libc_a-impure.o)
                0x0000000020001064                _impure_ptr
 *(.ramtext)